Archive member included to satisfy reference by file (symbol)

D:/stm32cubeclt/STM32CubeCLT_1.21.0/GNU-tools-for-STM32/bin/../lib/gcc/arm-none-eabi/14.3.1/../../../../arm-none-eabi/lib/thumb/v8-m.main+fp/hard\libc_nano.a(libc_a-assert.o)
                              build/lfs.o (__assert_func)
D:/stm32cubeclt/STM32CubeCLT_1.21.0/GNU-tools-for-STM32/bin/../lib/gcc/arm-none-eabi/14.3.1/../../../../arm-none-eabi/lib/thumb/v8-m.main+fp/hard\libc_nano.a(libc_a-calloc.o)
                              build/sx_mem.o (calloc)
D:/stm32cubeclt/STM32CubeCLT_1.21.0/GNU-tools-for-STM32/bin/../lib/gcc/arm-none-eabi/14.3.1/../../../../arm-none-eabi/lib/thumb/v8-m.main+fp/hard\libc_nano.a(libc_a-callocr.o)
                              D:/stm32cubeclt/STM32CubeCLT_1.21.0/GNU-tools-for-STM32/bin/../lib/gcc/arm-none-eabi/14.3.1/../../../../arm-none-eabi/lib/thumb/v8-m.main+fp/hard\libc_nano.a(libc_a-calloc.o) (_calloc_r)
D:/stm32cubeclt/STM32CubeCLT_1.21.0/GNU-tools-for-STM32/bin/../lib/gcc/arm-none-eabi/14.3.1/../../../../arm-none-eabi/lib/thumb/v8-m.main+fp/hard\libc_nano.a(libc_a-exit.o)
                              D:/stm32cubeclt/STM32CubeCLT_1.21.0/GNU-tools-for-STM32/bin/../lib/gcc/arm-none-eabi/14.3.1/../../../../arm-none-eabi/lib/thumb/v8-m.main+fp/hard/crt0.o (exit)
D:/stm32cubeclt/STM32CubeCLT_1.21.0/GNU-tools-for-STM32/bin/../lib/gcc/arm-none-eabi/14.3.1/../../../../arm-none-eabi/lib/thumb/v8-m.main+fp/hard\libc_nano.a(libc_a-malloc.o)
                              build/sx_ex_storage.o (malloc)
D:/stm32cubeclt/STM32CubeCLT_1.21.0/GNU-tools-for-STM32/bin/../lib/gcc/arm-none-eabi/14.3.1/../../../../arm-none-eabi/lib/thumb/v8-m.main+fp/hard\libc_nano.a(libc_a-mallocr.o)
                              D:/stm32cubeclt/STM32CubeCLT_1.21.0/GNU-tools-for-STM32/bin/../lib/gcc/arm-none-eabi/14.3.1/../../../../arm-none-eabi/lib/thumb/v8-m.main+fp/hard\libc_nano.a(libc_a-callocr.o) (_malloc_r)
D:/stm32cubeclt/STM32CubeCLT_1.21.0/GNU-tools-for-STM32/bin/../lib/gcc/arm-none-eabi/14.3.1/../../../../arm-none-eabi/lib/thumb/v8-m.main+fp/hard\libc_nano.a(libc_a-mlock.o)
                              D:/stm32cubeclt/STM32CubeCLT_1.21.0/GNU-tools-for-STM32/bin/../lib/gcc/arm-none-eabi/14.3.1/../../../../arm-none-eabi/lib/thumb/v8-m.main+fp/hard\libc_nano.a(libc_a-mallocr.o) (__malloc_lock)
D:/stm32cubeclt/STM32CubeCLT_1.21.0/GNU-tools-for-STM32/bin/../lib/gcc/arm-none-eabi/14.3.1/../../../../arm-none-eabi/lib/thumb/v8-m.main+fp/hard\libc_nano.a(libc_a-realloc.o)
                              build/cJSON.o (realloc)
D:/stm32cubeclt/STM32CubeCLT_1.21.0/GNU-tools-for-STM32/bin/../lib/gcc/arm-none-eabi/14.3.1/../../../../arm-none-eabi/lib/thumb/v8-m.main+fp/hard\libc_nano.a(libc_a-reallocr.o)
                              D:/stm32cubeclt/STM32CubeCLT_1.21.0/GNU-tools-for-STM32/bin/../lib/gcc/arm-none-eabi/14.3.1/../../../../arm-none-eabi/lib/thumb/v8-m.main+fp/hard\libc_nano.a(libc_a-realloc.o) (_realloc_r)
D:/stm32cubeclt/STM32CubeCLT_1.21.0/GNU-tools-for-STM32/bin/../lib/gcc/arm-none-eabi/14.3.1/../../../../arm-none-eabi/lib/thumb/v8-m.main+fp/hard\libc_nano.a(libc_a-strtod.o)
                              build/cJSON.o (strtod)
D:/stm32cubeclt/STM32CubeCLT_1.21.0/GNU-tools-for-STM32/bin/../lib/gcc/arm-none-eabi/14.3.1/../../../../arm-none-eabi/lib/thumb/v8-m.main+fp/hard\libc_nano.a(libc_a-strtol.o)
                              build/minmea.o (strtol)
D:/stm32cubeclt/STM32CubeCLT_1.21.0/GNU-tools-for-STM32/bin/../lib/gcc/arm-none-eabi/14.3.1/../../../../arm-none-eabi/lib/thumb/v8-m.main+fp/hard\libc_nano.a(libc_a-ctype_.o)
                              build/cJSON.o (_ctype_)
D:/stm32cubeclt/STM32CubeCLT_1.21.0/GNU-tools-for-STM32/bin/../lib/gcc/arm-none-eabi/14.3.1/../../../../arm-none-eabi/lib/thumb/v8-m.main+fp/hard\libc_nano.a(libc_a-nano-vfprintf_float.o)
                              (_printf_float)
D:/stm32cubeclt/STM32CubeCLT_1.21.0/GNU-tools-for-STM32/bin/../lib/gcc/arm-none-eabi/14.3.1/../../../../arm-none-eabi/lib/thumb/v8-m.main+fp/hard\libc_nano.a(libc_a-nano-vfprintf_i.o)
                              D:/stm32cubeclt/STM32CubeCLT_1.21.0/GNU-tools-for-STM32/bin/../lib/gcc/arm-none-eabi/14.3.1/../../../../arm-none-eabi/lib/thumb/v8-m.main+fp/hard\libc_nano.a(libc_a-nano-vfprintf_float.o) (_printf_common)
D:/stm32cubeclt/STM32CubeCLT_1.21.0/GNU-tools-for-STM32/bin/../lib/gcc/arm-none-eabi/14.3.1/../../../../arm-none-eabi/lib/thumb/v8-m.main+fp/hard\libc_nano.a(libc_a-findfp.o)
                              D:/stm32cubeclt/STM32CubeCLT_1.21.0/GNU-tools-for-STM32/bin/../lib/gcc/arm-none-eabi/14.3.1/../../../../arm-none-eabi/lib/thumb/v8-m.main+fp/hard\libc_nano.a(libc_a-exit.o) (__stdio_exit_handler)
D:/stm32cubeclt/STM32CubeCLT_1.21.0/GNU-tools-for-STM32/bin/../lib/gcc/arm-none-eabi/14.3.1/../../../../arm-none-eabi/lib/thumb/v8-m.main+fp/hard\libc_nano.a(libc_a-fprintf.o)
[...]
Memory Configuration

Name             Origin             Length             Attributes
RAM              0x20000000         0x000a0000         xrw
FLASH            0x08000000         0x00200000         xr
*default*        0x00000000         0xffffffff

Linker script and memory map

LOAD D:/stm32cubeclt/STM32CubeCLT_1.21.0/GNU-tools-for-STM32/bin/../lib/gcc/arm-none-eabi/14.3.1/thumb/v8-m.main+fp/hard/crti.o
LOAD D:/stm32cubeclt/STM32CubeCLT_1.21.0/GNU-tools-for-STM32/bin/../lib/gcc/arm-none-eabi/14.3.1/thumb/v8-m.main+fp/hard/crtbegin.o
LOAD D:/stm32cubeclt/STM32CubeCLT_1.21.0/GNU-tools-for-STM32/bin/../lib/gcc/arm-none-eabi/14.3.1/../../../../arm-none-eabi/lib/thumb/v8-m.main+fp/hard/crt0.o
LOAD build/main.o
LOAD build/gpio.o
LOAD build/i2c.o
LOAD build/spi.o
LOAD build/usart.o
LOAD build/usb.o
LOAD build/stm32h5xx_it.o
LOAD build/stm32h5xx_hal_msp.o
LOAD build/stm32h5xx_hal_cortex.o
LOAD build/stm32h5xx_hal_rcc.o
LOAD build/stm32h5xx_hal_rcc_ex.o
LOAD build/stm32h5xx_hal_flash.o
LOAD build/stm32h5xx_hal_flash_ex.o
LOAD build/stm32h5xx_hal_gpio.o
LOAD build/stm32h5xx_hal_dma.o
LOAD build/stm32h5xx_hal_dma_ex.o
LOAD build/stm32h5xx_hal_pwr.o
LOAD build/stm32h5xx_hal_pwr_ex.o
LOAD build/stm32h5xx_hal.o
LOAD build/stm32h5xx_hal_exti.o
LOAD build/stm32h5xx_hal_i2c.o
LOAD build/stm32h5xx_hal_i2c_ex.o
LOAD build/stm32h5xx_hal_spi.o
LOAD build/stm32h5xx_hal_spi_ex.o
LOAD build/stm32h5xx_hal_uart.o
LOAD build/stm32h5xx_hal_uart_ex.o
LOAD build/stm32h5xx_hal_pcd.o
LOAD build/stm32h5xx_hal_pcd_ex.o
LOAD build/stm32h5xx_ll_usb.o
LOAD build/system_stm32h5xx.o
LOAD build/sysmem.o
LOAD build/syscalls.o
LOAD build/icache.o
LOAD build/stm32h5xx_hal_icache.o
LOAD build/lptim.o
LOAD build/rtc.o
LOAD build/tim.o
LOAD build/stm32h5xx_hal_lptim.o
LOAD build/stm32h5xx_hal_rtc.o
LOAD build/stm32h5xx_hal_rtc_ex.o
LOAD build/stm32h5xx_hal_tim.o
LOAD build/stm32h5xx_hal_tim_ex.o
LOAD build/tusb.o
LOAD build/tusb_fifo.o
LOAD build/usbd.o
LOAD build/usbd_control.o
LOAD build/usbc.o
LOAD build/audio_device.o
LOAD build/cdc_device.o
LOAD build/dfu_device.o
LOAD build/dfu_rt_device.o
LOAD build/hid_device.o
LOAD build/midi_device.o
LOAD build/msc_device.o
LOAD build/mtp_device.o
LOAD build/ecm_rndis_device.o
LOAD build/ncm_device.o
LOAD build/printer_device.o
LOAD build/usbtmc_device.o
LOAD build/video_device.o
LOAD build/vendor_device.o
LOAD build/usbh.o
LOAD build/hub.o
LOAD build/cdc_host.o
LOAD build/hid_host.o
LOAD build/midi_host.o
LOAD build/msc_host.o
LOAD build/vendor_host.o
LOAD build/usbc.o
LOAD build/dcd_stm32_fsdev.o
LOAD build/fsdev_common.o
LOAD build/app.o
LOAD build/sx_user_cdc.o
LOAD build/sx_user_msc.o
LOAD build/sx_user_mqtt.o
LOAD build/sx_ex_storage.o
LOAD build/test_at.o
LOAD build/at_command.o
LOAD build/thingsboard_client.o
LOAD build/sx_board.o
LOAD build/logger.o
LOAD build/lfs.o
LOAD build/lfs_util.o
LOAD build/cJSON.o
LOAD build/cJSON_Utils.o
LOAD build/sx_os.o
LOAD build/file_io.o
LOAD build/cli_shell.o
LOAD build/sx_fs.o
LOAD build/ff.o
LOAD build/ffsystem.o
LOAD build/ffunicode.o
LOAD build/sx_diskio.o
LOAD build/sx_fatfs.o
LOAD build/sx_mqtt.o
LOAD build/sx_sleep_manager.o
LOAD build/sx_read_bat.o
LOAD build/cqueue.o
LOAD build/sx_mem.o
LOAD build/sx_delay.o
LOAD build/sx_filter.o
LOAD build/sx_flash.o
LOAD build/sx_gpio.o
LOAD build/sx_i2c.o
LOAD build/sx_spi.o
LOAD build/sx_uart.o
LOAD build/sx_timer.o
LOAD build/gps.o
LOAD build/minmea.o
LOAD build/modem.o
LOAD build/a7677s.o
LOAD build/sx_usb_tiny_cdc.o
LOAD build/usb_descriptor.o
LOAD build/sx_usb_tiny_msc.o
LOAD build/sx_W25Q128.o
LOAD build/sx_sleep.o
LOAD build/bno055.o
LOAD build/sx_ex_rtc.o
LOAD build/sht3x.o
LOAD build/sensirion_common.o
LOAD build/sensirion_shdlc.o
LOAD build/sensirion_streaming_shdlc.o
LOAD build/sensirion_streaming.o
LOAD build/sensirion_uart_hal.o
LOAD build/sps30_uart.o
LOAD build/ze12a.o
LOAD build/ads1115.o
LOAD build/startup_stm32h563xx.o
LOAD D:/stm32cubeclt/STM32CubeCLT_1.21.0/GNU-tools-for-STM32/bin/../lib/gcc/arm-none-eabi/14.3.1/../../../../arm-none-eabi/lib/thumb/v8-m.main+fp/hard\libc_nano.a
LOAD D:/stm32cubeclt/STM32CubeCLT_1.21.0/GNU-tools-for-STM32/bin/../lib/gcc/arm-none-eabi/14.3.1/../../../../arm-none-eabi/lib/thumb/v8-m.main+fp/hard\libm.a
LOAD D:/stm32cubeclt/STM32CubeCLT_1.21.0/GNU-tools-for-STM32/bin/../lib/gcc/arm-none-eabi/14.3.1/../../../../arm-none-eabi/lib/thumb/v8-m.main+fp/hard\libnosys.a
START GROUP
LOAD D:/stm32cubeclt/STM32CubeCLT_1.21.0/GNU-tools-for-STM32/bin/../lib/gcc/arm-none-eabi/14.3.1/thumb/v8-m.main+fp/hard\libgcc.a
LOAD D:/stm32cubeclt/STM32CubeCLT_1.21.0/GNU-tools-for-STM32/bin/../lib/gcc/arm-none-eabi/14.3.1/../../../../arm-none-eabi/lib/thumb/v8-m.main+fp/hard\libc_nano.a
END GROUP
START GROUP
LOAD D:/stm32cubeclt/STM32CubeCLT_1.21.0/GNU-tools-for-STM32/bin/../lib/gcc/arm-none-eabi/14.3.1/thumb/v8-m.main+fp/hard\libgcc.a
LOAD D:/stm32cubeclt/STM32CubeCLT_1.21.0/GNU-tools-for-STM32/bin/../lib/gcc/arm-none-eabi/14.3.1/../../../../arm-none-eabi/lib/thumb/v8-m.main+fp/hard\libc_nano.a
END GROUP
LOAD D:/stm32cubeclt/STM32CubeCLT_1.21.0/GNU-tools-for-STM32/bin/../lib/gcc/arm-none-eabi/14.3.1/thumb/v8-m.main+fp/hard/crtend.o
LOAD D:/stm32cubeclt/STM32CubeCLT_1.21.0/GNU-tools-for-STM32/bin/../lib/gcc/arm-none-eabi/14.3.1/thumb/v8-m.main+fp/hard/crtn.o
                0x200a0000                        _estack = (ORIGIN (RAM) + LENGTH (RAM))
                0x00000800                        _Min_Heap_Size = 0x800
                0x00000800                        _Min_Stack_Size = 0x800

.isr_vector     0x08000000      0x24c
                0x08000000                        . = ALIGN (0x4)
 *(.isr_vector)
 .isr_vector    0x08000000      0x24c build/startup_stm32h563xx.o
                0x08000000                g_pfnVectors
                0x0800024c                        . = ALIGN (0x4)

.text           0x08000250    0x1b6ac
                0x08000250                        . = ALIGN (0x4)
 *(.text)
 .text          0x08000250       0x40 D:/stm32cubeclt/STM32CubeCLT_1.21.0/GNU-tools-for-STM32/bin/../lib/gcc/arm-none-eabi/14.3.1/thumb/v8-m.main+fp/hard/crtbegin.o
 .text          0x08000290       0x10 D:/stm32cubeclt/STM32CubeCLT_1.21.0/GNU-tools-for-STM32/bin/../lib/gcc/arm-none-eabi/14.3.1/../../../../arm-none-eabi/lib/thumb/v8-m.main+fp/hard\libc_nano.a(libc_a-strlen.o)
                0x08000290                strlen
 .text          0x080002a0      0x378 D:/stm32cubeclt/STM32CubeCLT_1.21.0/GNU-tools-for-STM32/bin/../lib/gcc/arm-none-eabi/14.3.1/thumb/v8-m.main+fp/hard\libgcc.a(_arm_addsubdf3.o)
                0x080002a0                __aeabi_drsub
                0x080002a8                __aeabi_dsub
                0x080002a8                __subdf3
                0x080002ac                __aeabi_dadd
                0x080002ac                __adddf3
                0x08000524                __floatunsidf
                0x08000524                __aeabi_ui2d
                0x08000544                __floatsidf
                0x08000544                __aeabi_i2d
                0x08000568                __aeabi_f2d
                0x08000568                __extendsfdf2
                0x080005ac                __floatundidf
                0x080005ac                __aeabi_ul2d
                0x080005bc                __floatdidf
                0x080005bc                __aeabi_l2d
 .text          0x08000618      0x424 D:/stm32cubeclt/STM32CubeCLT_1.21.0/GNU-tools-for-STM32/bin/../lib/gcc/arm-none-eabi/14.3.1/thumb/v8-m.main+fp/hard\libgcc.a(_arm_muldivdf3.o)
                0x08000618                __aeabi_dmul
                0x08000618                __muldf3
                0x0800086c                __divdf3
                0x0800086c                __aeabi_ddiv
 .text          0x08000a3c      0x110 D:/stm32cubeclt/STM32CubeCLT_1.21.0/GNU-tools-for-STM32/bin/../lib/gcc/arm-none-eabi/14.3.1/thumb/v8-m.main+fp/hard\libgcc.a(_arm_cmpdf2.o)
                0x08000a3c                __gtdf2
                0x08000a3c                __gedf2
                0x08000a44                __ltdf2
                0x08000a44                __ledf2
                0x08000a4c                __nedf2
                0x08000a4c                __eqdf2
                0x08000a4c                __cmpdf2
                0x08000ac8                __aeabi_cdrcmple
                0x08000ad8                __aeabi_cdcmpeq
                0x08000ad8                __aeabi_cdcmple
                0x08000ae8                __aeabi_dcmpeq
                0x08000afc                __aeabi_dcmplt
                0x08000b10                __aeabi_dcmple
                0x08000b24                __aeabi_dcmpge
                0x08000b38                __aeabi_dcmpgt
 .text          0x08000b4c       0x2c D:/stm32cubeclt/STM32CubeCLT_1.21.0/GNU-tools-for-STM32/bin/../lib/gcc/arm-none-eabi/14.3.1/thumb/v8-m.main+fp/hard\libgcc.a(_arm_unorddf2.o)
                0x08000b4c                __unorddf2
                0x08000b4c                __aeabi_dcmpun
 .text          0x08000b78       0x50 D:/stm32cubeclt/STM32CubeCLT_1.21.0/GNU-tools-for-STM32/bin/../lib/gcc/arm-none-eabi/14.3.1/thumb/v8-m.main+fp/hard\libgcc.a(_arm_fixdfsi.o)
                0x08000b78                __aeabi_d2iz
                0x08000b78                __fixdfsi
 .text          0x08000bc8       0x30 D:/stm32cubeclt/STM32CubeCLT_1.21.0/GNU-tools-for-STM32/bin/../lib/gcc/arm-none-eabi/14.3.1/thumb/v8-m.main+fp/hard\libgcc.a(_aeabi_uldivmod.o)
                0x08000bc8                __aeabi_uldivmod
 .text          0x08000bf8       0x28 D:/stm32cubeclt/STM32CubeCLT_1.21.0/GNU-tools-for-STM32/bin/../lib/gcc/arm-none-eabi/14.3.1/thumb/v8-m.main+fp/hard\libgcc.a(_popcountsi2.o)
                0x08000bf8                __popcountsi2
 .text          0x08000c20      0x34c D:/stm32cubeclt/STM32CubeCLT_1.21.0/GNU-tools-for-STM32/bin/../lib/gcc/arm-none-eabi/14.3.1/thumb/v8-m.main+fp/hard\libgcc.a(_udivmoddi4.o)
                0x08000c20                __udivmoddi4
 .text          0x08000f6c        0x4 D:/stm32cubeclt/STM32CubeCLT_1.21.0/GNU-tools-for-STM32/bin/../lib/gcc/arm-none-eabi/14.3.1/thumb/v8-m.main+fp/hard\libgcc.a(_dvmd_tls.o)
                0x08000f6c                __aeabi_idiv0
                0x08000f6c                __aeabi_ldiv0
 *(.text*)
 .text.Error_Handler
                0x08000f70        0x4 build/main.o
                0x08000f70                Error_Handler
 .text.SystemClock_Config
                0x08000f74       0xb8 build/main.o
                0x08000f74                SystemClock_Config
 .text.PeriphCommonClock_Config
                0x0800102c       0x2a build/main.o
                0x0800102c                PeriphCommonClock_Config
 *fill*         0x08001056        0x2 
 .text.main     0x08001058       0x68 build/main.o
                0x08001058                main
 .text.MX_GPIO_Init
                0x080010c0      0x15c build/gpio.o
                0x080010c0                MX_GPIO_Init
 .text.MX_I2C1_Init
                0x0800121c       0x58 build/i2c.o
                0x0800121c                MX_I2C1_Init
 .text.HAL_I2C_MspInit
                0x08001274       0xbc build/i2c.o
                0x08001274                HAL_I2C_MspInit
 .text.MX_SPI1_Init
                0x08001330       0x60 build/spi.o
                0x08001330                MX_SPI1_Init
 .text.HAL_SPI_MspInit
                0x08001390       0xa0 build/spi.o
                0x08001390                HAL_SPI_MspInit
 .text.MX_UART4_Init
                0x08001430       0x68 build/usart.o
                0x08001430                MX_UART4_Init
 .text.MX_UART5_Init
                0x08001498       0x68 build/usart.o
                0x08001498                MX_UART5_Init
 .text.MX_USART1_UART_Init
                0x08001500       0x70 build/usart.o
                0x08001500                MX_USART1_UART_Init
 .text.MX_USART2_UART_Init
                0x08001570       0x68 build/usart.o
                0x08001570                MX_USART2_UART_Init
 .text.MX_USART3_UART_Init
                0x080015d8       0x68 build/usart.o
                0x080015d8                MX_USART3_UART_Init
 .text.MX_USART6_UART_Init
                0x08001640       0x68 build/usart.o
                0x08001640                MX_USART6_UART_Init
 .text.HAL_UART_MspInit
                0x080016a8      0x324 build/usart.o
                0x080016a8                HAL_UART_MspInit
 .text.HAL_PCD_MspInit
                0x080019cc       0x74 build/usb.o
                0x080019cc                HAL_PCD_MspInit
 .text.NMI_Handler
                0x08001a40        0x2 build/stm32h5xx_it.o
                0x08001a40                NMI_Handler
 .text.HardFault_Handler
                0x08001a42        0x2 build/stm32h5xx_it.o
                0x08001a42                HardFault_Handler
 .text.MemManage_Handler
                0x08001a44        0x2 build/stm32h5xx_it.o
                0x08001a44                MemManage_Handler
 .text.BusFault_Handler
                0x08001a46        0x2 build/stm32h5xx_it.o
                0x08001a46                BusFault_Handler
 .text.UsageFault_Handler
                0x08001a48        0x2 build/stm32h5xx_it.o
                0x08001a48                UsageFault_Handler
 .text.SVC_Handler
                0x08001a4a        0x2 build/stm32h5xx_it.o
                0x08001a4a                SVC_Handler
 .text.DebugMon_Handler
                0x08001a4c        0x2 build/stm32h5xx_it.o
                0x08001a4c                DebugMon_Handler
 .text.PendSV_Handler
                0x08001a4e        0x2 build/stm32h5xx_it.o
                0x08001a4e                PendSV_Handler
 .text.SysTick_Handler
                0x08001a50        0x8 build/stm32h5xx_it.o
                0x08001a50                SysTick_Handler
 .text.RTC_IRQHandler
                0x08001a58       0x10 build/stm32h5xx_it.o
                0x08001a58                RTC_IRQHandler
 .text.TIM1_BRK_IRQHandler
                0x08001a68       0x10 build/stm32h5xx_it.o
                0x08001a68                TIM1_BRK_IRQHandler
 .text.TIM1_UP_IRQHandler
                0x08001a78       0x10 build/stm32h5xx_it.o
                0x08001a78                TIM1_UP_IRQHandler
 .text.TIM1_TRG_COM_IRQHandler
                0x08001a88       0x10 build/stm32h5xx_it.o
                0x08001a88                TIM1_TRG_COM_IRQHandler
 .text.TIM1_CC_IRQHandler
                0x08001a98       0x10 build/stm32h5xx_it.o
                0x08001a98                TIM1_CC_IRQHandler
 .text.I2C1_EV_IRQHandler
                0x08001aa8       0x10 build/stm32h5xx_it.o
                0x08001aa8                I2C1_EV_IRQHandler
 .text.I2C1_ER_IRQHandler
                0x08001ab8       0x10 build/stm32h5xx_it.o
                0x08001ab8                I2C1_ER_IRQHandler
 .text.USART1_IRQHandler
                0x08001ac8       0x10 build/stm32h5xx_it.o
                0x08001ac8                USART1_IRQHandler
 .text.USART2_IRQHandler
                0x08001ad8       0x10 build/stm32h5xx_it.o
                0x08001ad8                USART2_IRQHandler
 .text.USART3_IRQHandler
                0x08001ae8       0x10 build/stm32h5xx_it.o
                0x08001ae8                USART3_IRQHandler
 .text.UART4_IRQHandler
                0x08001af8       0x10 build/stm32h5xx_it.o
                0x08001af8                UART4_IRQHandler
 .text.UART5_IRQHandler
                0x08001b08       0x10 build/stm32h5xx_it.o
                0x08001b08                UART5_IRQHandler
 .text.LPTIM1_IRQHandler
                0x08001b18       0x10 build/stm32h5xx_it.o
                0x08001b18                LPTIM1_IRQHandler
 .text.HAL_MspInit
                0x08001b28        0x2 build/stm32h5xx_hal_msp.o
                0x08001b28                HAL_MspInit
 *fill*         0x08001b2a        0x2 
 .text.__NVIC_EnableIRQ
                0x08001b2c       0x1c build/stm32h5xx_hal_cortex.o
 .text.__NVIC_SetPriority
                0x08001b48       0x28 build/stm32h5xx_hal_cortex.o
 .text.NVIC_EncodePriority
                0x08001b70       0x3c build/stm32h5xx_hal_cortex.o
 .text.HAL_NVIC_SetPriorityGrouping
                0x08001bac       0x24 build/stm32h5xx_hal_cortex.o
                0x08001bac                HAL_NVIC_SetPriorityGrouping
 .text.HAL_NVIC_SetPriority
                0x08001bd0       0x20 build/stm32h5xx_hal_cortex.o
                0x08001bd0                HAL_NVIC_SetPriority
 .text.HAL_NVIC_EnableIRQ
                0x08001bf0        0x8 build/stm32h5xx_hal_cortex.o
                0x08001bf0                HAL_NVIC_EnableIRQ
 .text.HAL_SYSTICK_Config
                0x08001bf8       0x20 build/stm32h5xx_hal_cortex.o
                0x08001bf8                HAL_SYSTICK_Config
 .text.HAL_SYSTICK_CLKSourceConfig
                0x08001c18       0x7c build/stm32h5xx_hal_cortex.o
                0x08001c18                HAL_SYSTICK_CLKSourceConfig
 .text.HAL_SYSTICK_GetCLKSourceConfig
                0x08001c94       0x30 build/stm32h5xx_hal_cortex.o
                0x08001c94                HAL_SYSTICK_GetCLKSourceConfig
 .text.HAL_RCC_GetSysClockFreq
                0x08001cc4      0x1d8 build/stm32h5xx_hal_rcc.o
                0x08001cc4                HAL_RCC_GetSysClockFreq
 .text.HAL_RCC_ClockConfig
                0x08001e9c      0x298 build/stm32h5xx_hal_rcc.o
                0x08001e9c                HAL_RCC_ClockConfig
 .text.HAL_RCC_GetHCLKFreq
                0x08002134       0x2c build/stm32h5xx_hal_rcc.o
                0x08002134                HAL_RCC_GetHCLKFreq
 .text.HAL_RCC_OscConfig
                0x08002160      0x68c build/stm32h5xx_hal_rcc.o
                0x08002160                HAL_RCC_OscConfig
 .text.HAL_RCC_GetPCLK1Freq
                0x080027ec       0x24 build/stm32h5xx_hal_rcc.o
                0x080027ec                HAL_RCC_GetPCLK1Freq
 .text.HAL_RCC_GetPCLK2Freq
                0x08002810       0x24 build/stm32h5xx_hal_rcc.o
                0x08002810                HAL_RCC_GetPCLK2Freq
 .text.HAL_RCC_GetPCLK3Freq
                0x08002834       0x24 build/stm32h5xx_hal_rcc.o
                0x08002834                HAL_RCC_GetPCLK3Freq
 .text.RCCEx_PLL2_Config
                0x08002858       0xdc build/stm32h5xx_hal_rcc_ex.o
 .text.RCCEx_PLL3_Config
                0x08002934       0xdc build/stm32h5xx_hal_rcc_ex.o
 .text.HAL_RCCEx_PeriphCLKConfig
                0x08002a10     0x1108 build/stm32h5xx_hal_rcc_ex.o
                0x08002a10                HAL_RCCEx_PeriphCLKConfig
 .text.HAL_RCCEx_GetPLL1ClockFreq
                0x08003b18      0x218 build/stm32h5xx_hal_rcc_ex.o
                0x08003b18                HAL_RCCEx_GetPLL1ClockFreq
 .text.HAL_RCCEx_GetPLL2ClockFreq
                0x08003d30      0x218 build/stm32h5xx_hal_rcc_ex.o
                0x08003d30                HAL_RCCEx_GetPLL2ClockFreq
 .text.HAL_RCCEx_GetPLL3ClockFreq
                0x08003f48      0x218 build/stm32h5xx_hal_rcc_ex.o
                0x08003f48                HAL_RCCEx_GetPLL3ClockFreq
 .text.HAL_RCCEx_GetPeriphCLKFreq
                0x08004160     0x1d04 build/stm32h5xx_hal_rcc_ex.o
                0x08004160                HAL_RCCEx_GetPeriphCLKFreq
 .text.FLASH_Program_QuadWord
                0x08005e64       0x2c build/stm32h5xx_hal_flash.o
 .text.FLASH_Program_QuadWord_OBK
                0x08005e90       0x48 build/stm32h5xx_hal_flash.o
 .text.FLASH_Program_HalfWord
                0x08005ed8       0x18 build/stm32h5xx_hal_flash.o
 .text.FLASH_Program_Word
                0x08005ef0       0x14 build/stm32h5xx_hal_flash.o
 .text.HAL_FLASH_Unlock
                0x08005f04       0x34 build/stm32h5xx_hal_flash.o
                0x08005f04                HAL_FLASH_Unlock
 .text.HAL_FLASH_Lock
                0x08005f38       0x20 build/stm32h5xx_hal_flash.o
                0x08005f38                HAL_FLASH_Lock
 .text.FLASH_WaitForLastOperation
                0x08005f58       0x6c build/stm32h5xx_hal_flash.o
                0x08005f58                FLASH_WaitForLastOperation
 .text.HAL_FLASH_Program
                0x08005fc4       0xb0 build/stm32h5xx_hal_flash.o
                0x08005fc4                HAL_FLASH_Program
 .text.FLASH_MassErase
                0x08006074       0x4c build/stm32h5xx_hal_flash_ex.o
 .text.FLASH_OBKErase
                0x080060c0       0x10 build/stm32h5xx_hal_flash_ex.o
 .text.FLASH_Erase_Sector
                0x080060d0       0x44 build/stm32h5xx_hal_flash_ex.o
                0x080060d0                FLASH_Erase_Sector
 .text.HAL_FLASHEx_Erase
                0x08006114       0xbc build/stm32h5xx_hal_flash_ex.o
                0x08006114                HAL_FLASHEx_Erase
 .text.HAL_GPIO_Init
                0x080061d0      0x16c build/stm32h5xx_hal_gpio.o
                0x080061d0                HAL_GPIO_Init
 .text.HAL_GPIO_ReadPin
                0x0800633c        0xe build/stm32h5xx_hal_gpio.o
                0x0800633c                HAL_GPIO_ReadPin
 .text.HAL_GPIO_WritePin
                0x0800634a        0xa build/stm32h5xx_hal_gpio.o
                0x0800634a                HAL_GPIO_WritePin
 .text.HAL_GPIO_TogglePin
                0x08006354       0x12 build/stm32h5xx_hal_gpio.o
                0x08006354                HAL_GPIO_TogglePin
 .text.HAL_DMA_Abort
                0x08006366       0xaa build/stm32h5xx_hal_dma.o
                0x08006366                HAL_DMA_Abort
 .text.HAL_DMA_Abort_IT
                0x08006410       0x2e build/stm32h5xx_hal_dma.o
                0x08006410                HAL_DMA_Abort_IT
 .text.HAL_DMA_GetState
                0x0800643e        0x6 build/stm32h5xx_hal_dma.o
                0x0800643e                HAL_DMA_GetState
 .text.HAL_DMAEx_GetFifoLevel
                0x08006444        0xa build/stm32h5xx_hal_dma_ex.o
                0x08006444                HAL_DMAEx_GetFifoLevel
 *fill*         0x0800644e        0x2 
 .text.HAL_PWREx_EnableVddUSB
                0x08006450       0x10 build/stm32h5xx_hal_pwr_ex.o
                0x08006450                HAL_PWREx_EnableVddUSB
 .text.HAL_InitTick
                0x08006460       0xac build/stm32h5xx_hal.o
                0x08006460                HAL_InitTick
 .text.HAL_Init
                0x0800650c       0x48 build/stm32h5xx_hal.o
                0x0800650c                HAL_Init
 .text.HAL_IncTick
                0x08006554       0x18 build/stm32h5xx_hal.o
                0x08006554                HAL_IncTick
 .text.HAL_GetTick
                0x0800656c        0xc build/stm32h5xx_hal.o
                0x0800656c                HAL_GetTick
 .text.HAL_Delay
                0x08006578       0x28 build/stm32h5xx_hal.o
                0x08006578                HAL_Delay
 .text.I2C_Flush_TXDR
                0x080065a0       0x22 build/stm32h5xx_hal_i2c.o
 .text.I2C_TransferConfig
                0x080065c2       0x3c build/stm32h5xx_hal_i2c.o
 .text.I2C_Disable_IRQ
                0x080065fe       0x6e build/stm32h5xx_hal_i2c.o
 .text.I2C_IsErrorOccurred
                0x0800666c      0x114 build/stm32h5xx_hal_i2c.o
 .text.I2C_WaitOnTXISFlagUntilTimeout
                0x08006780       0x60 build/stm32h5xx_hal_i2c.o
 .text.I2C_WaitOnFlagUntilTimeout
                0x080067e0       0x7c build/stm32h5xx_hal_i2c.o
 .text.I2C_RequestMemoryWrite
                0x0800685c       0x7c build/stm32h5xx_hal_i2c.o
 .text.I2C_RequestMemoryRead
                0x080068d8       0x78 build/stm32h5xx_hal_i2c.o
 .text.I2C_WaitOnSTOPFlagUntilTimeout
                0x08006950       0x5e build/stm32h5xx_hal_i2c.o
 .text.I2C_WaitOnRXNEFlagUntilTimeout
                0x080069ae       0xaa build/stm32h5xx_hal_i2c.o
 .text.HAL_I2C_Init
                0x08006a58       0xc8 build/stm32h5xx_hal_i2c.o
                0x08006a58                HAL_I2C_Init
 .text.HAL_I2C_Master_Transmit
                0x08006b20      0x17c build/stm32h5xx_hal_i2c.o
                0x08006b20                HAL_I2C_Master_Transmit
 .text.HAL_I2C_Master_Receive
                0x08006c9c      0x178 build/stm32h5xx_hal_i2c.o
                0x08006c9c                HAL_I2C_Master_Receive
 .text.HAL_I2C_Mem_Write
                0x08006e14      0x1a6 build/stm32h5xx_hal_i2c.o
                0x08006e14                HAL_I2C_Mem_Write
 *fill*         0x08006fba        0x2 
 .text.HAL_I2C_Mem_Read
                0x08006fbc      0x1ac build/stm32h5xx_hal_i2c.o
                0x08006fbc                HAL_I2C_Mem_Read
 .text.HAL_I2C_IsDeviceReady
                0x08007168      0x168 build/stm32h5xx_hal_i2c.o
                0x08007168                HAL_I2C_IsDeviceReady
 .text.HAL_I2C_EV_IRQHandler
                0x080072d0       0x10 build/stm32h5xx_hal_i2c.o
                0x080072d0                HAL_I2C_EV_IRQHandler
 .text.HAL_I2C_SlaveTxCpltCallback
                0x080072e0        0x2 build/stm32h5xx_hal_i2c.o
                0x080072e0                HAL_I2C_SlaveTxCpltCallback
 .text.HAL_I2C_SlaveRxCpltCallback
                0x080072e2        0x2 build/stm32h5xx_hal_i2c.o
                0x080072e2                HAL_I2C_SlaveRxCpltCallback
 .text.I2C_ITSlaveSeqCplt
                0x080072e4       0x7e build/stm32h5xx_hal_i2c.o
 .text.HAL_I2C_AddrCallback
                0x08007362        0x2 build/stm32h5xx_hal_i2c.o
                0x08007362                HAL_I2C_AddrCallback
 .text.I2C_ITAddrCplt
                0x08007364       0xa0 build/stm32h5xx_hal_i2c.o
 .text.HAL_I2C_ListenCpltCallback
                0x08007404        0x2 build/stm32h5xx_hal_i2c.o
                0x08007404                HAL_I2C_ListenCpltCallback
 *fill*         0x08007406        0x2 
 .text.I2C_ITListenCplt
                0x08007408       0x68 build/stm32h5xx_hal_i2c.o
 .text.HAL_I2C_ErrorCallback
                0x08007470        0x2 build/stm32h5xx_hal_i2c.o
                0x08007470                HAL_I2C_ErrorCallback
 .text.HAL_I2C_AbortCpltCallback
                0x08007472        0x2 build/stm32h5xx_hal_i2c.o
                0x08007472                HAL_I2C_AbortCpltCallback
 .text.I2C_TreatErrorCallback
                0x08007474       0x2c build/stm32h5xx_hal_i2c.o
 .text.I2C_ITError
                0x080074a0      0x130 build/stm32h5xx_hal_i2c.o
 .text.I2C_ITSlaveCplt
                0x080075d0      0x204 build/stm32h5xx_hal_i2c.o
 .text.I2C_Slave_ISR_IT
                0x080077d4      0x144 build/stm32h5xx_hal_i2c.o
 .text.HAL_I2C_ER_IRQHandler
                0x08007918       0x6a build/stm32h5xx_hal_i2c.o
                0x08007918                HAL_I2C_ER_IRQHandler
 .text.I2C_DMAAbort
                0x08007982       0x1a build/stm32h5xx_hal_i2c.o
 .text.HAL_I2CEx_ConfigAnalogFilter
                0x0800799c       0x5a build/stm32h5xx_hal_i2c_ex.o
                0x0800799c                HAL_I2CEx_ConfigAnalogFilter
 .text.HAL_I2CEx_ConfigDigitalFilter
                0x080079f6       0x56 build/stm32h5xx_hal_i2c_ex.o
                0x080079f6                HAL_I2CEx_ConfigDigitalFilter
 .text.SPI_CloseTransfer
                0x08007a4c       0xc4 build/stm32h5xx_hal_spi.o
 .text.SPI_GetPacketSize
                0x08007b10       0x10 build/stm32h5xx_hal_spi.o
 .text.SPI_WaitOnFlagUntilTimeout
                0x08007b20       0x48 build/stm32h5xx_hal_spi.o
 .text.HAL_SPI_Init
                0x08007b68      0x1cc build/stm32h5xx_hal_spi.o
                0x08007b68                HAL_SPI_Init
 .text.HAL_SPI_Transmit
                0x08007d34      0x2fc build/stm32h5xx_hal_spi.o
                0x08007d34                HAL_SPI_Transmit
 .text.HAL_SPI_Receive
                0x08008030      0x390 build/stm32h5xx_hal_spi.o
                0x08008030                HAL_SPI_Receive
 .text.HAL_SPI_TransmitReceive
                0x080083c0      0x4ec build/stm32h5xx_hal_spi.o
                0x080083c0                HAL_SPI_TransmitReceive
 .text.UART_EndRxTransfer
                0x080088ac       0x56 build/stm32h5xx_hal_uart.o
 .text.HAL_UART_TxCpltCallback
                0x08008902        0x2 build/stm32h5xx_hal_uart.o
                0x08008902                HAL_UART_TxCpltCallback
 .text.UART_EndTransmit_IT
                0x08008904       0x24 build/stm32h5xx_hal_uart.o
 .text.HAL_UART_ErrorCallback
                0x08008928        0x2 build/stm32h5xx_hal_uart.o
                0x08008928                HAL_UART_ErrorCallback
 .text.UART_DMAAbortOnError
                0x0800892a       0x10 build/stm32h5xx_hal_uart.o
 .text.HAL_UARTEx_RxEventCallback
                0x0800893a        0x2 build/stm32h5xx_hal_uart.o
                0x0800893a                HAL_UARTEx_RxEventCallback
 .text.HAL_UART_IRQHandler
                0x0800893c      0x32c build/stm32h5xx_hal_uart.o
                0x0800893c                HAL_UART_IRQHandler
 .text.UART_RxISR_8BIT
                0x08008c68       0xe4 build/stm32h5xx_hal_uart.o
 .text.UART_RxISR_16BIT
                0x08008d4c       0xe0 build/stm32h5xx_hal_uart.o
 .text.UART_RxISR_8BIT_FIFOEN
                0x08008e2c      0x1d0 build/stm32h5xx_hal_uart.o
 .text.UART_RxISR_16BIT_FIFOEN
                0x08008ffc      0x1d0 build/stm32h5xx_hal_uart.o
 .text.UART_SetConfig
                0x080091cc      0x238 build/stm32h5xx_hal_uart.o
                0x080091cc                UART_SetConfig
 .text.UART_AdvFeatureConfig
                0x08009404       0xca build/stm32h5xx_hal_uart.o
                0x08009404                UART_AdvFeatureConfig
 .text.UART_WaitOnFlagUntilTimeout
                0x080094ce       0x9e build/stm32h5xx_hal_uart.o
                0x080094ce                UART_WaitOnFlagUntilTimeout
 .text.HAL_UART_Transmit
                0x0800956c       0xe6 build/stm32h5xx_hal_uart.o
                0x0800956c                HAL_UART_Transmit
 .text.UART_CheckIdleState
                0x08009652       0xca build/stm32h5xx_hal_uart.o
                0x08009652                UART_CheckIdleState
 .text.HAL_UART_Init
                0x0800971c       0x66 build/stm32h5xx_hal_uart.o
                0x0800971c                HAL_UART_Init
 *fill*         0x08009782        0x2 
 .text.UART_Start_Receive_IT
                0x08009784      0x13c build/stm32h5xx_hal_uart.o
                0x08009784                UART_Start_Receive_IT
 .text.HAL_UART_Receive_IT
                0x080098c0       0x64 build/stm32h5xx_hal_uart.o
                0x080098c0                HAL_UART_Receive_IT
 .text.UARTEx_SetNbDataToProcess
                0x08009924       0x4c build/stm32h5xx_hal_uart_ex.o
 .text.HAL_UARTEx_WakeupCallback
                0x08009970        0x2 build/stm32h5xx_hal_uart_ex.o
                0x08009970                HAL_UARTEx_WakeupCallback
 .text.HAL_UARTEx_RxFifoFullCallback
                0x08009972        0x2 build/stm32h5xx_hal_uart_ex.o
                0x08009972                HAL_UARTEx_RxFifoFullCallback
 .text.HAL_UARTEx_TxFifoEmptyCallback
                0x08009974        0x2 build/stm32h5xx_hal_uart_ex.o
                0x08009974                HAL_UARTEx_TxFifoEmptyCallback
 .text.HAL_UARTEx_DisableFifoMode
                0x08009976       0x3e build/stm32h5xx_hal_uart_ex.o
                0x08009976                HAL_UARTEx_DisableFifoMode
 .text.HAL_UARTEx_SetTxFifoThreshold
                0x080099b4       0x4a build/stm32h5xx_hal_uart_ex.o
                0x080099b4                HAL_UARTEx_SetTxFifoThreshold
 .text.HAL_UARTEx_SetRxFifoThreshold
                0x080099fe       0x4a build/stm32h5xx_hal_uart_ex.o
                0x080099fe                HAL_UARTEx_SetRxFifoThreshold
 .text.SystemInit
                0x08009a48       0xa4 build/system_stm32h5xx.o
                0x08009a48                SystemInit
 .text._sbrk    0x08009aec       0x48 build/sysmem.o
                0x08009aec                _sbrk
 .text._getpid  0x08009b34        0x4 build/syscalls.o
                0x08009b34                _getpid
 .text._kill    0x08009b38       0x10 build/syscalls.o
                0x08009b38                _kill
 .text._exit    0x08009b48        0xc build/syscalls.o
                0x08009b48                _exit
 .text._read    0x08009b54       0x20 build/syscalls.o
                0x08009b54                _read
 .text._write   0x08009b74       0x1c build/syscalls.o
                0x08009b74                _write
 .text._close   0x08009b90        0x6 build/syscalls.o
                0x08009b90                _close
 .text._fstat   0x08009b96        0xa build/syscalls.o
                0x08009b96                _fstat
 .text._isatty  0x08009ba0        0x4 build/syscalls.o
                0x08009ba0                _isatty
 .text._lseek   0x08009ba4        0x4 build/syscalls.o
                0x08009ba4                _lseek
 .text.MX_ICACHE_Init
                0x08009ba8        0x2 build/icache.o
                0x08009ba8                MX_ICACHE_Init
 *fill*         0x08009baa        0x2 
 .text.MX_LPTIM1_Init
                0x08009bac       0x34 build/lptim.o
                0x08009bac                MX_LPTIM1_Init
 .text.HAL_LPTIM_MspInit
                0x08009be0       0x68 build/lptim.o
                0x08009be0                HAL_LPTIM_MspInit
 .text.MX_RTC_Init
                0x08009c48       0xd0 build/rtc.o
                0x08009c48                MX_RTC_Init
 .text.HAL_RTC_MspInit
                0x08009d18       0x80 build/rtc.o
                0x08009d18                HAL_RTC_MspInit
 .text.MX_TIM1_Init
                0x08009d98       0x70 build/tim.o
                0x08009d98                MX_TIM1_Init
 .text.HAL_TIM_Base_MspInit
                0x08009e08       0x74 build/tim.o
                0x08009e08                HAL_TIM_Base_MspInit
 .text.LPTIM_WaitForFlag
                0x08009e7c       0x3c build/stm32h5xx_hal_lptim.o
 .text.HAL_LPTIM_Init
                0x08009eb8      0x118 build/stm32h5xx_hal_lptim.o
                0x08009eb8                HAL_LPTIM_Init
 .text.HAL_LPTIM_CompareMatchCallback
                0x08009fd0        0x2 build/stm32h5xx_hal_lptim.o
                0x08009fd0                HAL_LPTIM_CompareMatchCallback
 .text.HAL_LPTIM_AutoReloadMatchCallback
                0x08009fd2        0x2 build/stm32h5xx_hal_lptim.o
                0x08009fd2                HAL_LPTIM_AutoReloadMatchCallback
 .text.HAL_LPTIM_TriggerCallback
                0x08009fd4        0x2 build/stm32h5xx_hal_lptim.o
                0x08009fd4                HAL_LPTIM_TriggerCallback
 .text.HAL_LPTIM_CompareWriteCallback
                0x08009fd6        0x2 build/stm32h5xx_hal_lptim.o
                0x08009fd6                HAL_LPTIM_CompareWriteCallback
 .text.HAL_LPTIM_AutoReloadWriteCallback
                0x08009fd8        0x2 build/stm32h5xx_hal_lptim.o
                0x08009fd8                HAL_LPTIM_AutoReloadWriteCallback
 .text.HAL_LPTIM_DirectionUpCallback
                0x08009fda        0x2 build/stm32h5xx_hal_lptim.o
                0x08009fda                HAL_LPTIM_DirectionUpCallback
 .text.HAL_LPTIM_DirectionDownCallback
                0x08009fdc        0x2 build/stm32h5xx_hal_lptim.o
                0x08009fdc                HAL_LPTIM_DirectionDownCallback
 .text.HAL_LPTIM_UpdateEventCallback
                0x08009fde        0x2 build/stm32h5xx_hal_lptim.o
                0x08009fde                HAL_LPTIM_UpdateEventCallback
 .text.HAL_LPTIM_RepCounterWriteCallback
                0x08009fe0        0x2 build/stm32h5xx_hal_lptim.o
                0x08009fe0                HAL_LPTIM_RepCounterWriteCallback
 .text.HAL_LPTIM_IC_CaptureCallback
                0x08009fe2        0x2 build/stm32h5xx_hal_lptim.o
                0x08009fe2                HAL_LPTIM_IC_CaptureCallback
 .text.HAL_LPTIM_IC_OverCaptureCallback
                0x08009fe4        0x2 build/stm32h5xx_hal_lptim.o
                0x08009fe4                HAL_LPTIM_IC_OverCaptureCallback
 .text.HAL_LPTIM_IRQHandler
                0x08009fe6      0x1ee build/stm32h5xx_hal_lptim.o
                0x08009fe6                HAL_LPTIM_IRQHandler
 .text.HAL_RTC_WaitForSynchro
                0x0800a1d4       0x48 build/stm32h5xx_hal_rtc.o
                0x0800a1d4                HAL_RTC_WaitForSynchro
 .text.RTC_EnterInitMode
                0x0800a21c       0x58 build/stm32h5xx_hal_rtc.o
                0x0800a21c                RTC_EnterInitMode
 .text.RTC_ExitInitMode
                0x0800a274       0x4c build/stm32h5xx_hal_rtc.o
                0x0800a274                RTC_ExitInitMode
 .text.HAL_RTC_Init
                0x0800a2c0       0xb8 build/stm32h5xx_hal_rtc.o
                0x0800a2c0                HAL_RTC_Init
 .text.RTC_ByteToBcd2
                0x0800a378       0x16 build/stm32h5xx_hal_rtc.o
                0x0800a378                RTC_ByteToBcd2
 *fill*         0x0800a38e        0x2 
 .text.HAL_RTC_SetTime
                0x0800a390       0xdc build/stm32h5xx_hal_rtc.o
                0x0800a390                HAL_RTC_SetTime
 .text.HAL_RTC_SetDate
                0x0800a46c       0xac build/stm32h5xx_hal_rtc.o
                0x0800a46c                HAL_RTC_SetDate
 .text.HAL_RTCEx_SetWakeUpTimer_IT
                0x0800a518       0xa0 build/stm32h5xx_hal_rtc_ex.o
                0x0800a518                HAL_RTCEx_SetWakeUpTimer_IT
 .text.HAL_RTCEx_DeactivateWakeUpTimer
                0x0800a5b8       0x34 build/stm32h5xx_hal_rtc_ex.o
                0x0800a5b8                HAL_RTCEx_DeactivateWakeUpTimer
 .text.HAL_RTCEx_WakeUpTimerIRQHandler
                0x0800a5ec       0x28 build/stm32h5xx_hal_rtc_ex.o
                0x0800a5ec                HAL_RTCEx_WakeUpTimerIRQHandler
 .text.HAL_RTCEx_PrivilegeModeSet
                0x0800a614       0x38 build/stm32h5xx_hal_rtc_ex.o
                0x0800a614                HAL_RTCEx_PrivilegeModeSet
 .text.TIM_TI1_ConfigInputStage
                0x0800a64c       0x26 build/stm32h5xx_hal_tim.o
 .text.TIM_TI2_ConfigInputStage
                0x0800a672       0x28 build/stm32h5xx_hal_tim.o
 .text.TIM_ITRx_SetConfig
                0x0800a69a       0x14 build/stm32h5xx_hal_tim.o
 .text.HAL_TIM_PeriodElapsedCallback
                0x0800a6ae        0x2 build/stm32h5xx_hal_tim.o
                0x0800a6ae                HAL_TIM_PeriodElapsedCallback
 .text.HAL_TIM_OC_DelayElapsedCallback
                0x0800a6b0        0x2 build/stm32h5xx_hal_tim.o
                0x0800a6b0                HAL_TIM_OC_DelayElapsedCallback
 .text.HAL_TIM_IC_CaptureCallback
                0x0800a6b2        0x2 build/stm32h5xx_hal_tim.o
                0x0800a6b2                HAL_TIM_IC_CaptureCallback
 .text.HAL_TIM_PWM_PulseFinishedCallback
                0x0800a6b4        0x2 build/stm32h5xx_hal_tim.o
                0x0800a6b4                HAL_TIM_PWM_PulseFinishedCallback
 .text.HAL_TIM_TriggerCallback
                0x0800a6b6        0x2 build/stm32h5xx_hal_tim.o
                0x0800a6b6                HAL_TIM_TriggerCallback
 .text.HAL_TIM_IRQHandler
                0x0800a6b8      0x1ea build/stm32h5xx_hal_tim.o
                0x0800a6b8                HAL_TIM_IRQHandler
 *fill*         0x0800a8a2        0x2 
 .text.TIM_Base_SetConfig
                0x0800a8a4      0x1a8 build/stm32h5xx_hal_tim.o
                0x0800a8a4                TIM_Base_SetConfig
 .text.HAL_TIM_Base_Init
                0x0800aa4c       0x60 build/stm32h5xx_hal_tim.o
                0x0800aa4c                HAL_TIM_Base_Init
 .text.TIM_ETR_SetConfig
                0x0800aaac       0x1a build/stm32h5xx_hal_tim.o
                0x0800aaac                TIM_ETR_SetConfig
 *fill*         0x0800aac6        0x2 
 .text.HAL_TIM_ConfigClockSource
                0x0800aac8      0x160 build/stm32h5xx_hal_tim.o
                0x0800aac8                HAL_TIM_ConfigClockSource
 .text.HAL_TIMEx_MasterConfigSynchronization
                0x0800ac28       0xfc build/stm32h5xx_hal_tim_ex.o
                0x0800ac28                HAL_TIMEx_MasterConfigSynchronization
 .text.HAL_TIMEx_CommutCallback
                0x0800ad24        0x2 build/stm32h5xx_hal_tim_ex.o
                0x0800ad24                HAL_TIMEx_CommutCallback
 .text.HAL_TIMEx_BreakCallback
                0x0800ad26        0x2 build/stm32h5xx_hal_tim_ex.o
                0x0800ad26                HAL_TIMEx_BreakCallback
 .text.HAL_TIMEx_Break2Callback
                0x0800ad28        0x2 build/stm32h5xx_hal_tim_ex.o
                0x0800ad28                HAL_TIMEx_Break2Callback
 .text.HAL_TIMEx_EncoderIndexCallback
                0x0800ad2a        0x2 build/stm32h5xx_hal_tim_ex.o
                0x0800ad2a                HAL_TIMEx_EncoderIndexCallback
 .text.HAL_TIMEx_DirectionChangeCallback
                0x0800ad2c        0x2 build/stm32h5xx_hal_tim_ex.o
                0x0800ad2c                HAL_TIMEx_DirectionChangeCallback
 .text.HAL_TIMEx_IndexErrorCallback
                0x0800ad2e        0x2 build/stm32h5xx_hal_tim_ex.o
                0x0800ad2e                HAL_TIMEx_IndexErrorCallback
 .text.HAL_TIMEx_TransitionErrorCallback
                0x0800ad30        0x2 build/stm32h5xx_hal_tim_ex.o
                0x0800ad30                HAL_TIMEx_TransitionErrorCallback
 .text.stream_claim
                0x0800ad32       0x1a build/tusb.o
 .text.stream_xfer
                0x0800ad4c       0x3a build/tusb.o
 .text.stream_release
                0x0800ad86       0x14 build/tusb.o
 *fill*         0x0800ad9a        0x2 
 .text.tusb_rhport_init
                0x0800ad9c       0x80 build/tusb.o
                0x0800ad9c                tusb_rhport_init
 .text.tu_edpt_claim
                0x0800ae1c       0x3a build/tusb.o
                0x0800ae1c                tu_edpt_claim
 .text.tu_edpt_release
                0x0800ae56       0x26 build/tusb.o
                0x0800ae56                tu_edpt_release
 .text.tu_edpt_stream_init
                0x0800ae7c       0x2a build/tusb.o
                0x0800ae7c                tu_edpt_stream_init
 .text.tu_edpt_stream_write_zlp_if_needed
                0x0800aea6       0x48 build/tusb.o
                0x0800aea6                tu_edpt_stream_write_zlp_if_needed
 .text.tu_edpt_stream_write_xfer
                0x0800aeee       0x9e build/tusb.o
                0x0800aeee                tu_edpt_stream_write_xfer
 .text.tu_edpt_stream_read_xfer
                0x0800af8c       0xac build/tusb.o
                0x0800af8c                tu_edpt_stream_read_xfer
 .text.advance_index
                0x0800b038       0x1a build/tusb_fifo.o
 .text.correct_read_index
                0x0800b052       0x16 build/tusb_fifo.o
 .text.ff_pull_n
                0x0800b068       0x3e build/tusb_fifo.o
 .text.ff_push_n
                0x0800b0a6       0x3a build/tusb_fifo.o
 .text.tu_fifo_config
                0x0800b0e0       0x1a build/tusb_fifo.o
                0x0800b0e0                tu_fifo_config
 .text.tu_fifo_clear
                0x0800b0fa        0x8 build/tusb_fifo.o
                0x0800b0fa                tu_fifo_clear
 .text.tu_fifo_set_overwritable
                0x0800b102        0xa build/tusb_fifo.o
                0x0800b102                tu_fifo_set_overwritable
 .text.tu_hwfifo_write
                0x0800b10c       0x36 build/tusb_fifo.o
                0x0800b10c                tu_hwfifo_write
 .text.hwff_pull_n
                0x0800b142       0xde build/tusb_fifo.o
 .text.tu_hwfifo_read
                0x0800b220       0x36 build/tusb_fifo.o
                0x0800b220                tu_hwfifo_read
 .text.hwff_push_n
                0x0800b256       0xca build/tusb_fifo.o
 .text.tu_fifo_peek_n_access_mode
                0x0800b320       0x6e build/tusb_fifo.o
                0x0800b320                tu_fifo_peek_n_access_mode
 .text.tu_fifo_read_n_access_mode
                0x0800b38e       0x30 build/tusb_fifo.o
                0x0800b38e                tu_fifo_read_n_access_mode
 .text.tu_fifo_write_n_access_mode
                0x0800b3be       0xda build/tusb_fifo.o
                0x0800b3be                tu_fifo_write_n_access_mode
 .text.tu_fifo_get_read_info
                0x0800b498       0x7e build/tusb_fifo.o
                0x0800b498                tu_fifo_get_read_info
 *fill*         0x0800b516        0x2 
 .text.usbd_int_set
                0x0800b518       0x1c build/usbd.o
                0x0800b518                usbd_int_set
 .text.tud_event_hook_cb
                0x0800b534        0x2 build/usbd.o
                0x0800b534                tud_event_hook_cb
 .text.usbd_app_driver_get_cb
                0x0800b536        0x8 build/usbd.o
                0x0800b536                usbd_app_driver_get_cb
 *fill*         0x0800b53e        0x2 
 .text.tud_inited
                0x0800b540       0x10 build/usbd.o
                0x0800b540                tud_inited
 .text.tud_rhport_init
                0x0800b550       0xf4 build/usbd.o
                0x0800b550                tud_rhport_init
 .text.dcd_event_handler
                0x0800b644      0x27c build/usbd.o
                0x0800b644                dcd_event_handler
 .text.usbd_edpt_open
                0x0800b8c0       0x48 build/usbd.o
                0x0800b8c0                usbd_edpt_open
 .text.usbd_open_edpt_pair
                0x0800b908       0x7e build/usbd.o
                0x0800b908                usbd_open_edpt_pair
 *fill*         0x0800b986        0x2 
 .text.usbd_edpt_claim
                0x0800b988       0x20 build/usbd.o
                0x0800b988                usbd_edpt_claim
 .text.usbd_edpt_release
                0x0800b9a8       0x20 build/usbd.o
                0x0800b9a8                usbd_edpt_release
 .text.usbd_edpt_xfer
                0x0800b9c8       0x94 build/usbd.o
                0x0800b9c8                usbd_edpt_xfer
 .text.usbd_edpt_xfer_fifo
                0x0800ba5c       0x94 build/usbd.o
                0x0800ba5c                usbd_edpt_xfer_fifo
 .text.usbd_edpt_busy
                0x0800baf0       0x1c build/usbd.o
                0x0800baf0                usbd_edpt_busy
 .text.usbd_edpt_stall
                0x0800bb0c       0x3c build/usbd.o
                0x0800bb0c                usbd_edpt_stall
 .text.usbd_edpt_stalled
                0x0800bb48       0x1c build/usbd.o
                0x0800bb48                usbd_edpt_stalled
 .text.status_stage_xact
                0x0800bb64       0x20 build/usbd_control.o
 .text.data_stage_xact
                0x0800bb84       0x78 build/usbd_control.o
 .text.tud_control_status
                0x0800bbfc       0x28 build/usbd_control.o
                0x0800bbfc                tud_control_status
 .text.tud_control_xfer
                0x0800bc24       0x80 build/usbd_control.o
                0x0800bc24                tud_control_xfer
 .text.tud_cdc_rx_cb
                0x0800bca4        0x2 build/cdc_device.o
                0x0800bca4                tud_cdc_rx_cb
 .text.tud_cdc_rx_wanted_cb
                0x0800bca6        0x2 build/cdc_device.o
                0x0800bca6                tud_cdc_rx_wanted_cb
 .text.tud_cdc_tx_complete_cb
                0x0800bca8        0x2 build/cdc_device.o
                0x0800bca8                tud_cdc_tx_complete_cb
 .text.tud_cdc_notify_complete_cb
                0x0800bcaa        0x2 build/cdc_device.o
                0x0800bcaa                tud_cdc_notify_complete_cb
 .text.tud_cdc_line_coding_cb
                0x0800bcac        0x2 build/cdc_device.o
                0x0800bcac                tud_cdc_line_coding_cb
 .text.tud_cdc_send_break_cb
                0x0800bcae        0x2 build/cdc_device.o
                0x0800bcae                tud_cdc_send_break_cb
 .text.cdcd_init
                0x0800bcb0       0x88 build/cdc_device.o
                0x0800bcb0                cdcd_init
 .text.cdcd_deinit
                0x0800bd38        0xe build/cdc_device.o
                0x0800bd38                cdcd_deinit
 *fill*         0x0800bd46        0x2 
 .text.cdcd_reset
                0x0800bd48       0x34 build/cdc_device.o
                0x0800bd48                cdcd_reset
 .text.cdcd_open
                0x0800bd7c      0x1d8 build/cdc_device.o
                0x0800bd7c                cdcd_open
 .text.cdcd_control_xfer_cb
                0x0800bf54       0xf8 build/cdc_device.o
                0x0800bf54                cdcd_control_xfer_cb
 .text.cdcd_xfer_cb
                0x0800c04c      0x190 build/cdc_device.o
                0x0800c04c                cdcd_xfer_cb
 .text.proc_bot_reset
                0x0800c1dc       0x18 build/msc_device.o
 .text.proc_stage_status
                0x0800c1f4       0x80 build/msc_device.o
 .text.rdwr10_validate_cmd
                0x0800c274       0x72 build/msc_device.o
 .text.tud_msc_inquiry_cb
                0x0800c2e6        0x2 build/msc_device.o
                0x0800c2e6                tud_msc_inquiry_cb
 .text.tud_msc_read10_complete_cb
                0x0800c2e8        0x2 build/msc_device.o
                0x0800c2e8                tud_msc_read10_complete_cb
 .text.tud_msc_write10_complete_cb
                0x0800c2ea        0x2 build/msc_device.o
                0x0800c2ea                tud_msc_write10_complete_cb
 .text.tud_msc_scsi_complete_cb
                0x0800c2ec        0x2 build/msc_device.o
                0x0800c2ec                tud_msc_scsi_complete_cb
 .text.tud_msc_get_maxlun_cb
                0x0800c2ee        0x4 build/msc_device.o
                0x0800c2ee                tud_msc_get_maxlun_cb
 .text.tud_msc_prevent_allow_medium_removal_cb
                0x0800c2f2        0x4 build/msc_device.o
                0x0800c2f2                tud_msc_prevent_allow_medium_removal_cb
 .text.tud_msc_request_sense_cb
                0x0800c2f6        0x4 build/msc_device.o
                0x0800c2f6                tud_msc_request_sense_cb
 *fill*         0x0800c2fa        0x2 
 .text.tud_msc_set_sense
                0x0800c2fc       0x18 build/msc_device.o
                0x0800c2fc                tud_msc_set_sense
 .text.fail_scsi_op
                0x0800c314       0x50 build/msc_device.o
 .text.proc_read_io_data
                0x0800c364       0x78 build/msc_device.o
 .text.proc_read10_cmd
                0x0800c3dc       0x64 build/msc_device.o
 .text.proc_write10_cmd
                0x0800c440       0x60 build/msc_device.o
 .text.proc_write_io_data
                0x0800c4a0       0x84 build/msc_device.o
 .text.proc_write10_host_data
                0x0800c524       0x60 build/msc_device.o
 .text.proc_builtin_scsi
                0x0800c584      0x2e0 build/msc_device.o
 .text.mscd_init
                0x0800c864       0x14 build/msc_device.o
                0x0800c864                mscd_init
 .text.mscd_reset
                0x0800c878       0x14 build/msc_device.o
                0x0800c878                mscd_reset
 .text.mscd_open
                0x0800c88c       0xb0 build/msc_device.o
                0x0800c88c                mscd_open
 .text.mscd_control_xfer_cb
                0x0800c93c      0x164 build/msc_device.o
                0x0800c93c                mscd_control_xfer_cb
 .text.mscd_xfer_cb
                0x0800caa0      0x314 build/msc_device.o
                0x0800caa0                mscd_xfer_cb
 .text.dcd_ep_alloc
                0x0800cdb4       0xa4 build/dcd_stm32_fsdev.o
 .text.dcd_pma_alloc
                0x0800ce58       0x50 build/dcd_stm32_fsdev.o
 .text.edpt0_open
                0x0800cea8       0x84 build/dcd_stm32_fsdev.o
 .text.handle_bus_reset
                0x0800cf2c       0x44 build/dcd_stm32_fsdev.o
 .text.handle_ctr_setup
                0x0800cf70       0x8c build/dcd_stm32_fsdev.o
 .text.handle_ctr_rx
                0x0800cffc      0x11c build/dcd_stm32_fsdev.o
 .text.dcd_transmit_packet
                0x0800d118      0x108 build/dcd_stm32_fsdev.o
 .text.handle_ctr_tx
                0x0800d220       0xa4 build/dcd_stm32_fsdev.o
 .text.edpt_xfer
                0x0800d2c4       0xc0 build/dcd_stm32_fsdev.o
 .text.dcd_int_handler
                0x0800d384      0x19c build/dcd_stm32_fsdev.o
                0x0800d384                dcd_int_handler
 .text.dcd_edpt_open
                0x0800d520      0x120 build/dcd_stm32_fsdev.o
                0x0800d520                dcd_edpt_open
 .text.dcd_edpt_xfer
                0x0800d640       0x38 build/dcd_stm32_fsdev.o
                0x0800d640                dcd_edpt_xfer
 .text.dcd_edpt_xfer_fifo
                0x0800d678       0x38 build/dcd_stm32_fsdev.o
                0x0800d678                dcd_edpt_xfer_fifo
 .text.dcd_edpt_stall
                0x0800d6b0       0x98 build/dcd_stm32_fsdev.o
                0x0800d6b0                dcd_edpt_stall
 .text.dcd_int_enable
                0x0800d748       0x20 build/dcd_stm32_fsdev.o
                0x0800d748                dcd_int_enable
 .text.dcd_int_disable
                0x0800d768       0x24 build/dcd_stm32_fsdev.o
                0x0800d768                dcd_int_disable
 .text.dcd_connect
                0x0800d78c       0x10 build/dcd_stm32_fsdev.o
                0x0800d78c                dcd_connect
 .text.dcd_init
                0x0800d79c       0x2c build/dcd_stm32_fsdev.o
                0x0800d79c                dcd_init
 .text.fsdev_core_reset
                0x0800d7c8       0x48 build/fsdev_common.o
                0x0800d7c8                fsdev_core_reset
 .text.pma_align_buffer_size
                0x0800d810       0x26 build/fsdev_common.o
                0x0800d810                pma_align_buffer_size
 *fill*         0x0800d836        0x2 
 .text.btable_set_rx_bufsize
                0x0800d838       0x4c build/fsdev_common.o
                0x0800d838                btable_set_rx_bufsize
 .text.sx_user_msc_init
                0x0800d884       0x2c build/sx_user_msc.o
                0x0800d884                sx_user_msc_init
 .text.sx_user_msc_create_disk
                0x0800d8b0       0x8c build/sx_user_msc.o
                0x0800d8b0                sx_user_msc_create_disk
 .text.sx_gpio_write
                0x0800d93c       0x22 build/sx_ex_storage.o
 *fill*         0x0800d95e        0x2 
 .text.sx_storage_init
                0x0800d960       0xb8 build/sx_ex_storage.o
                0x0800d960                sx_storage_init
 .text.log_print
                0x0800da18       0x18 build/sx_board.o
 .text.spi_storage_init
                0x0800da30       0x2c build/sx_board.o
 .text.dcd_fs_msp_init
                0x0800da5c       0x40 build/sx_board.o
                0x0800da5c                dcd_fs_msp_init
 .text.USB_DRD_FS_IRQHandler
                0x0800da9c        0xa build/sx_board.o
                0x0800da9c                USB_DRD_FS_IRQHandler
 *fill*         0x0800daa6        0x2 
 .text.sx_board_init
                0x0800daa8      0x2cc build/sx_board.o
                0x0800daa8                sx_board_init
 .text.HAL_UART_RxCpltCallback
                0x0800dd74       0xd0 build/sx_board.o
                0x0800dd74                HAL_UART_RxCpltCallback
 .text.tud_cdc_line_state_cb
                0x0800de44       0x20 build/sx_board.o
                0x0800de44                tud_cdc_line_state_cb
 .text.serial_write_func
                0x0800de64        0x8 build/logger.o
 .text.log_func
                0x0800de6c       0x88 build/logger.o
                0x0800de6c                log_func
 .text.log_print_hex
                0x0800def4       0xa8 build/logger.o
                0x0800def4                log_print_hex
 .text.logger_init
                0x0800df9c       0x40 build/logger.o
                0x0800df9c                logger_init
 .text.lfs_pair_issync
                0x0800dfdc       0x48 build/lfs.o
 .text.lfs_gstate_hasmovehere
                0x0800e024       0x3a build/lfs.o
 *fill*         0x0800e05e        0x2 
 .text.lfs_fs_disk_version
                0x0800e060        0x8 build/lfs.o
 .text.lfs_fs_disk_version_major
                0x0800e068        0xa build/lfs.o
 .text.lfs_fs_disk_version_minor
                0x0800e072        0xa build/lfs.o
 .text.lfs_alloc_ckpoint
                0x0800e07c        0x6 build/lfs.o
 .text.lfs_alloc_drop
                0x0800e082        0xe build/lfs.o
 .text.lfs_alloc_lookahead
                0x0800e090       0x36 build/lfs.o
 *fill*         0x0800e0c6        0x2 
 .text.lfs_dir_traverse_filter
                0x0800e0c8       0x7c build/lfs.o
 .text.lfs_dir_commit_size
                0x0800e144       0x1c build/lfs.o
 .text.lfs_dir_needsrelocation
                0x0800e160       0x28 build/lfs.o
 .text.lfs_fs_prepsuperblock
                0x0800e188        0xe build/lfs.o
 .text.lfs_fs_prepmove
                0x0800e196       0x3e build/lfs.o
 .text.lfs_fs_size_count
                0x0800e1d4        0xa build/lfs.o
 *fill*         0x0800e1de        0x2 
 .text.lfs_bd_erase
                0x0800e1e0       0x40 build/lfs.o
 .text.lfs_fs_preporphans
                0x0800e220       0x60 build/lfs.o
 .text.lfs_cache_zero
                0x0800e280       0x18 build/lfs.o
 .text.lfs_tortoise_detectcycles
                0x0800e298       0x54 build/lfs.o
 .text.lfs_ctz_index
                0x0800e2ec       0x3c build/lfs.o
 .text.lfs_bd_read
                0x0800e328      0x1e0 build/lfs.o
 .text.lfs_dir_getslice
                0x0800e508      0x19c build/lfs.o
 .text.lfs_dir_get
                0x0800e6a4       0x1a build/lfs.o
 *fill*         0x0800e6be        0x2 
 .text.lfs_dir_getgstate
                0x0800e6c0       0x48 build/lfs.o
 .text.lfs_ctz_traverse
                0x0800e708       0x98 build/lfs.o
 .text.lfs_fs_parent_match
                0x0800e7a0       0x4e build/lfs.o
 *fill*         0x0800e7ee        0x2 
 .text.lfs_dir_traverse
                0x0800e7f0      0x32c build/lfs.o
 .text.lfs_dir_getread
                0x0800eb1c      0x11e build/lfs.o
 .text.lfs_bd_cmp
                0x0800ec3a       0x70 build/lfs.o
 *fill*         0x0800ecaa        0x2 
 .text.lfs_bd_flush
                0x0800ecac       0xb4 build/lfs.o
 .text.lfs_bd_prog
                0x0800ed60       0xf4 build/lfs.o
 .text.lfs_bd_sync
                0x0800ee54       0x38 build/lfs.o
 .text.lfs_dir_find_match
                0x0800ee8c       0x42 build/lfs.o
 .text.lfs_ctz_find
                0x0800eece       0x92 build/lfs.o
 .text.lfs_file_flushedread
                0x0800ef60      0x108 build/lfs.o
 .text.lfs_bd_crc
                0x0800f068       0x64 build/lfs.o
 .text.lfs_dir_fetchmatch
                0x0800f0cc      0x4f4 build/lfs.o
 .text.lfs_fs_parent
                0x0800f5c0       0x8c build/lfs.o
 .text.lfs_dir_fetch
                0x0800f64c       0x1a build/lfs.o
 *fill*         0x0800f666        0x2 
 .text.lfs_fs_traverse_
                0x0800f668      0x174 build/lfs.o
 .text.lfs_alloc_scan
                0x0800f7dc       0x54 build/lfs.o
 .text.lfs_alloc
                0x0800f830       0xb0 build/lfs.o
 .text.lfs_dir_alloc
                0x0800f8e0       0x8a build/lfs.o
 *fill*         0x0800f96a        0x2 
 .text.lfs_file_relocate
                0x0800f96c      0x124 build/lfs.o
 .text.lfs_file_outline
                0x0800fa90       0x22 build/lfs.o
 *fill*         0x0800fab2        0x2 
 .text.lfs_ctz_extend
                0x0800fab4      0x17c build/lfs.o
 .text.lfs_file_flushedwrite
                0x0800fc30      0x15e build/lfs.o
 *fill*         0x0800fd8e        0x2 
 .text.lfs_file_flush
                0x0800fd90      0x110 build/lfs.o
 .text.lfs_fs_size_
                0x0800fea0       0x1c build/lfs.o
 .text.lfs_fs_pred
                0x0800febc       0x8c build/lfs.o
 .text.lfs_dir_commitprog
                0x0800ff48       0x40 build/lfs.o
 .text.lfs_dir_commitattr
                0x0800ff88       0xba build/lfs.o
 .text.lfs_dir_commit_commit
                0x08010042       0x10 build/lfs.o
 *fill*         0x08010052        0x2 
 .text.lfs_dir_commitcrc
                0x08010054      0x1f4 build/lfs.o
 .text.lfs_dir_compact
                0x08010248      0x2ac build/lfs.o
 .text.lfs_dir_split
                0x080104f4       0x84 build/lfs.o
 .text.lfs_dir_splittingcompact
                0x08010578      0x19c build/lfs.o
 .text.lfs_dir_relocatingcommit
                0x08010714      0x36c build/lfs.o
 .text.lfs_dir_orphaningcommit
                0x08010a80      0x3f8 build/lfs.o
 .text.lfs_fs_deorphan
                0x08010e78      0x1fc build/lfs.o
 .text.lfs_dir_commit
                0x08011074       0x1a build/lfs.o
 *fill*         0x0801108e        0x2 
 .text.lfs_fs_desuperblock
                0x08011090       0x90 build/lfs.o
 .text.lfs_fs_demove
                0x08011120       0xa4 build/lfs.o
 .text.lfs_fs_forceconsistency
                0x080111c4       0x28 build/lfs.o
 .text.lfs_deinit
                0x080111ec       0x32 build/lfs.o
 *fill*         0x0801121e        0x2 
 .text.lfs_init
                0x08011220      0x404 build/lfs.o
 .text.lfs_format_
                0x08011624       0xf4 build/lfs.o
 .text.lfs_unmount_
                0x08011718        0x8 build/lfs.o
 .text.lfs_mount_
                0x08011720      0x290 build/lfs.o
 .text.lfs_dir_find
                0x080119b0      0x1a0 build/lfs.o
 .text.lfs_path_islast
                0x08011b50       0x28 build/lfs.o
 .text.lfs_mkdir_
                0x08011b78      0x168 build/lfs.o
 .text.lfs_format
                0x08011ce0        0x8 build/lfs.o
                0x08011ce0                lfs_format
 .text.lfs_mount
                0x08011ce8        0x8 build/lfs.o
                0x08011ce8                lfs_mount
 .text.lfs_mkdir
                0x08011cf0        0x8 build/lfs.o
                0x08011cf0                lfs_mkdir
 .text.lfs_crc  0x08011cf8       0x40 build/lfs_util.o
                0x08011cf8                lfs_crc
 .text.littlefs_flash_sync
                0x08011d38       0x28 build/file_io.o
                0x08011d38                littlefs_flash_sync
 .text.file_system_init
                0x08011d60      0x108 build/file_io.o
                0x08011d60                file_system_init
 .text.sx_ext_flash_read
                0x08011e68       0x24 build/sx_fs.o
 .text.sx_ext_flash_write
                0x08011e8c       0x24 build/sx_fs.o
 .text.sx_ext_flash_erase_sector
                0x08011eb0       0x1c build/sx_fs.o
 .text.lfs_flash_read
                0x08011ecc       0x20 build/sx_fs.o
 .text.lfs_flash_erase
                0x08011eec       0x1c build/sx_fs.o
 .text.lfs_flash_write
                0x08011f08       0xd0 build/sx_fs.o
 .text.sx_fs_init
                0x08011fd8       0x3c build/sx_fs.o
                0x08011fd8                sx_fs_init
 .text.ld_16    0x08012014        0xa build/ff.o
 .text.ld_32    0x0801201e       0x16 build/ff.o
 .text.st_16    0x08012034        0x8 build/ff.o
 .text.st_32    0x0801203c       0x14 build/ff.o
 .text.dbc_1st  0x08012050        0x4 build/ff.o
 .text.dbc_2nd  0x08012054        0x4 build/ff.o
 .text.clst2sect
                0x08012058       0x18 build/ff.o
 .text.pick_lfn
                0x08012070       0x88 build/ff.o
 .text.sum_sfn  0x080120f8       0x20 build/ff.o
 .text.get_ldnumber
                0x08012118       0x52 build/ff.o
 .text.sync_window
                0x0801216a       0x48 build/ff.o
 .text.move_window
                0x080121b2       0x36 build/ff.o
 .text.check_fs
                0x080121e8       0xd4 build/ff.o
 .text.find_volume
                0x080122bc       0x70 build/ff.o
 .text.mount_volume
                0x0801232c      0x2b8 build/ff.o
 .text.put_fat  0x080125e4      0x104 build/ff.o
 .text.get_fat  0x080126e8       0xd0 build/ff.o
 .text.dir_sdi  0x080127b8       0xac build/ff.o
 .text.create_chain
                0x08012864      0x12c build/ff.o
 .text.dir_clear
                0x08012990       0x52 build/ff.o
 .text.dir_next
                0x080129e2       0xc8 build/ff.o
 .text.dir_alloc
                0x08012aaa       0x50 build/ff.o
 .text.dir_read
                0x08012afa       0xbc build/ff.o
 .text.tchar2uni
                0x08012bb6       0x4a build/ff.o
 .text.sync_fs  0x08012c00       0x8c build/ff.o
 .text.create_partition
                0x08012c8c      0x13c build/ff.o
 .text.f_mount  0x08012dc8       0x58 build/ff.o
                0x08012dc8                f_mount
 .text.f_setlabel
                0x08012e20      0x148 build/ff.o
                0x08012e20                f_setlabel
 .text.f_mkfs   0x08012f68      0x654 build/ff.o
                0x08012f68                f_mkfs
 .text.oem2uni_sbcs
                0x080135bc       0x24 build/ffunicode.o
 .text.uni2oem_sbcs
                0x080135e0       0x2c build/ffunicode.o
 .text.ff_uni2oem
                0x0801360c       0x1a build/ffunicode.o
                0x0801360c                ff_uni2oem
 .text.ff_oem2uni
                0x08013626        0xe build/ffunicode.o
                0x08013626                ff_oem2uni
 .text.ff_wtoupper
                0x08013634       0xa0 build/ffunicode.o
                0x08013634                ff_wtoupper
 .text._cache_load
                0x080136d4       0x30 build/sx_diskio.o
 .text._cache_flush
                0x08013704       0xa8 build/sx_diskio.o
 .text.sx_diskio_get_block_count
                0x080137ac        0x6 build/sx_diskio.o
                0x080137ac                sx_diskio_get_block_count
 *fill*         0x080137b2        0x2 
 .text.disk_initialize
                0x080137b4       0x28 build/sx_diskio.o
                0x080137b4                disk_initialize
 .text.disk_status
                0x080137dc       0x14 build/sx_diskio.o
                0x080137dc                disk_status
 .text.disk_read
                0x080137f0       0x84 build/sx_diskio.o
                0x080137f0                disk_read
 .text.disk_write
                0x08013874       0x9c build/sx_diskio.o
                0x08013874                disk_write
 .text.disk_ioctl
                0x08013910       0x48 build/sx_diskio.o
                0x08013910                disk_ioctl
 .text.sx_fatfs_mount
                0x08013958       0xd8 build/sx_fatfs.o
                0x08013958                sx_fatfs_mount
 .text.sx_fatfs_get_block_count
                0x08013a30        0x8 build/sx_fatfs.o
                0x08013a30                sx_fatfs_get_block_count
 .text.cqueue_init_static
                0x08013a38       0x10 build/cqueue.o
                0x08013a38                cqueue_init_static
 .text.cqueue_is_empty
                0x08013a48        0xa build/cqueue.o
                0x08013a48                cqueue_is_empty
 .text.cqueue_receive
                0x08013a52       0x3a build/cqueue.o
                0x08013a52                cqueue_receive
 .text.cqueue_is_full
                0x08013a8c        0xe build/cqueue.o
                0x08013a8c                cqueue_is_full
 .text.cqueue_send
                0x08013a9a       0x3a build/cqueue.o
                0x08013a9a                cqueue_send
 .text.sx_malloc
                0x08013ad4       0x10 build/sx_mem.o
                0x08013ad4                sx_malloc
 .text.sx_delay_ms
                0x08013ae4        0x8 build/sx_delay.o
                0x08013ae4                sx_delay_ms
 .text._addr_to_bank_sector
                0x08013aec       0x22 build/sx_flash.o
 .text.sx_flash_read
                0x08013b0e        0xe build/sx_flash.o
                0x08013b0e                sx_flash_read
 .text.sx_flash_write
                0x08013b1c       0x4e build/sx_flash.o
                0x08013b1c                sx_flash_write
 .text.sx_flash_erase
                0x08013b6a       0x3e build/sx_flash.o
                0x08013b6a                sx_flash_erase
 .text.sx_flash_unlock
                0x08013ba8        0x8 build/sx_flash.o
                0x08013ba8                sx_flash_unlock
 .text.sx_flash_lock
                0x08013bb0        0x8 build/sx_flash.o
                0x08013bb0                sx_flash_lock
 .text._sx_gpio_toggle
                0x08013bb8       0x10 build/sx_gpio.o
 .text._sx_gpio_read
                0x08013bc8       0x1c build/sx_gpio.o
 .text._sx_gpio_write
                0x08013be4       0x18 build/sx_gpio.o
 .text._sx_i2c_write
                0x08013bfc       0x1c build/sx_i2c.o
 .text._sx_i2c_read
                0x08013c18       0x1c build/sx_i2c.o
 .text._sx_i2c_mem_write
                0x08013c34       0x24 build/sx_i2c.o
 .text._sx_i2c_mem_read
                0x08013c58       0x24 build/sx_i2c.o
 .text._sx_i2c_is_device_ready
                0x08013c7c       0x12 build/sx_i2c.o
 .text.sx_gpio_write
                0x08013c8e       0x22 build/sx_spi.o
 .text.sx_spi_cs_low
                0x08013cb0       0x10 build/sx_spi.o
 .text.sx_spi_cs_high
                0x08013cc0       0x10 build/sx_spi.o
 .text._sx_spi_write
                0x08013cd0       0x2c build/sx_spi.o
 .text._sx_spi_read
                0x08013cfc       0x2c build/sx_spi.o
 .text._sx_spi_write_read
                0x08013d28       0x36 build/sx_spi.o
 .text.sx_uart_init
                0x08013d5e       0x48 build/sx_uart.o
                0x08013d5e                sx_uart_init
 .text.sx_uart_write
                0x08013da6       0x12 build/sx_uart.o
                0x08013da6                sx_uart_write
 .text.sx_uart_read
                0x08013db8       0x2c build/sx_uart.o
                0x08013db8                sx_uart_read
 .text.sx_uart_available
                0x08013de4        0x4 build/sx_uart.o
                0x08013de4                sx_uart_available
 .text.sx_uart_rx_callback
                0x08013de8       0x24 build/sx_uart.o
                0x08013de8                sx_uart_rx_callback
 .text.sx_uart_flush
                0x08013e0c       0x12 build/sx_uart.o
                0x08013e0c                sx_uart_flush
 .text.sx_gpio_write
                0x08013e1e       0x22 build/gps.o
 .text.minmea_tocoord
                0x08013e40       0x68 build/gps.o
 .text.gps_callback_task
                0x08013ea8      0x184 build/gps.o
 .text.gps_set_callback_handle
                0x0801402c        0xa build/gps.o
                0x0801402c                gps_set_callback_handle
 *fill*         0x08014036        0x2 
 .text.gps_init
                0x08014038       0x78 build/gps.o
                0x08014038                gps_init
 .text.minmea_isfield
                0x080140b0       0x28 build/minmea.o
 .text.hex2int  0x080140d8       0x30 build/minmea.o
 .text.minmea_check
                0x08014108       0x84 build/minmea.o
                0x08014108                minmea_check
 .text.minmea_scan
                0x0801418c      0x4e8 build/minmea.o
                0x0801418c                minmea_scan
 .text.minmea_sentence_id
                0x08014674       0x5c build/minmea.o
                0x08014674                minmea_sentence_id
 .text.minmea_parse_rmc
                0x080146d0       0x98 build/minmea.o
                0x080146d0                minmea_parse_rmc
 .text.minmea_parse_gga
                0x08014768       0x90 build/minmea.o
                0x08014768                minmea_parse_gga
 .text.minmea_getdatetime
                0x080147f8       0x5a build/minmea.o
                0x080147f8                minmea_getdatetime
 *fill*         0x08014852        0x2 
 .text.modem_init
                0x08014854       0x30 build/modem.o
                0x08014854                modem_init
 .text.modem_send_command
                0x08014884       0x60 build/modem.o
                0x08014884                modem_send_command
 .text.modem_poll
                0x080148e4      0x14c build/modem.o
                0x080148e4                modem_poll
 .text.sx_gpio_write
                0x08014a30       0x22 build/a7677s.o
 .text.a7677s_power_is_busy
                0x08014a52       0x16 build/a7677s.o
 .text.a7677s_is_ready
                0x08014a68       0x26 build/a7677s.o
 .text.a7677s_set_on_ready
                0x08014a8e        0xa build/a7677s.o
 .text.a7677s_set_on_error
                0x08014a98        0xa build/a7677s.o
 .text.a7677s_get_imei
                0x08014aa2        0x6 build/a7677s.o
 .text.a7677s_get_rssi
                0x08014aa8        0x6 build/a7677s.o
 .text.a7677s_get_ip
                0x08014aae        0x6 build/a7677s.o
 .text.urc_reset_rx_state
                0x08014ab4       0x24 build/a7677s.o
 .text.mqtt_op_done
                0x08014ad8       0x1c build/a7677s.o
 .text.cb_at_probe
                0x08014af4       0x30 build/a7677s.o
 .text.cb_mqtt_stop
                0x08014b24       0x48 build/a7677s.o
 .text.cb_cfun_1
                0x08014b6c       0x60 build/a7677s.o
 .text.cb_cfun_0
                0x08014bcc       0x60 build/a7677s.o
 .text.a7677s_hard_reset
                0x08014c2c       0x3c build/a7677s.o
 .text.cb_cpof  0x08014c68       0x38 build/a7677s.o
 .text.a7677s_power_on_start
                0x08014ca0       0x30 build/a7677s.o
 .text.send_init_dynamic
                0x08014cd0       0x54 build/a7677s.o
 .text.send_init_cmd
                0x08014d24       0x4c build/a7677s.o
 .text.cb_cgdcont_query
                0x08014d70       0x54 build/a7677s.o
 .text.cb_get_imei
                0x08014dc4       0xe0 build/a7677s.o
 .text.restart_init
                0x08014ea4       0x80 build/a7677s.o
 .text.cb_creg_set
                0x08014f24       0x24 build/a7677s.o
 .text.cb_cops_set
                0x08014f48       0x2c build/a7677s.o
 .text.cb_cops_query
                0x08014f74       0x44 build/a7677s.o
 .text.cb_cgact
                0x08014fb8       0x2c build/a7677s.o
 .text.a7677s_start
                0x08014fe4       0x98 build/a7677s.o
 .text.send_mqtt_dynamic
                0x0801507c       0x48 build/a7677s.o
 .text.cb_mqtt_sub_topic
                0x080150c4       0x64 build/a7677s.o
 .text.cb_mqtt_pub_topic
                0x08015128       0x64 build/a7677s.o
 .text.cb_mqtt_pub_payload
                0x0801518c       0x64 build/a7677s.o
 .text.cb_mqtt_rel
                0x080151f0       0x54 build/a7677s.o
 .text.cb_mqtt_cert_key_prompt
                0x08015244       0x64 build/a7677s.o
 .text.cb_mqtt_cert_client_prompt
                0x080152a8       0x64 build/a7677s.o
 .text.cb_mqtt_cert_ca_prompt
                0x0801530c       0x64 build/a7677s.o
 .text.a7677s_exit_low_power
                0x08015370       0x90 build/a7677s.o
 .text.a7677s_enter_low_power
                0x08015400       0x90 build/a7677s.o
 .text.a7677s_power_off_start
                0x08015490       0x40 build/a7677s.o
 .text.cb_get_ip
                0x080154d0       0xe4 build/a7677s.o
 .text.cb_creg_poll
                0x080155b4       0xb4 build/a7677s.o
 .text.cb_csq   0x08015668       0xa8 build/a7677s.o
 .text.cb_init_at
                0x08015710       0x4c build/a7677s.o
 .text.cb_cgdcont
                0x0801575c       0xc0 build/a7677s.o
 .text.cb_cgauth
                0x0801581c       0x60 build/a7677s.o
 .text.cb_mqtt_sub_topic_data
                0x0801587c       0x78 build/a7677s.o
 .text.cb_mqtt_pub_topic_data
                0x080158f4       0x80 build/a7677s.o
 .text.cb_mqtt_pub_payload_data
                0x08015974       0x8c build/a7677s.o
 .text.a7677s_mqtt_disconnect
                0x08015a00       0x9c build/a7677s.o
 .text.cb_mqtt_disc
                0x08015a9c       0x68 build/a7677s.o
 .text.begin_sslcfg_block
                0x08015b04       0x64 build/a7677s.o
 .text.cb_mqtt_cert_key_data
                0x08015b68       0x38 build/a7677s.o
 .text.begin_ssl_cert_block
                0x08015ba0       0xf0 build/a7677s.o
 .text.cb_mqtt_cert_client_data
                0x08015c90       0x94 build/a7677s.o
 .text.cb_mqtt_cert_ca_data
                0x08015d24       0xd8 build/a7677s.o
 .text.cb_mqtt_sslcfg_cacert
                0x08015dfc       0x90 build/a7677s.o
 .text.cb_mqtt_sslcfg_clientcert
                0x08015e8c       0x90 build/a7677s.o
 .text.cb_mqtt_sslcfg_clientkey
                0x08015f1c       0x84 build/a7677s.o
 .text.cb_mqtt_sslcfg_authmode
                0x08015fa0       0x78 build/a7677s.o
 .text.advance_to_accq
                0x08016018       0x58 build/a7677s.o
 .text.cb_mqtt_start
                0x08016070       0x50 build/a7677s.o
 .text.cb_mqtt_sslbind
                0x080160c0       0x38 build/a7677s.o
 .text.cb_mqtt_accq
                0x080160f8       0x7c build/a7677s.o
 .text.cb_mqtt_cfg_version
                0x08016174       0xc4 build/a7677s.o
 .text.urc_process_header_line
                0x08016238      0x31c build/a7677s.o
 .text.urc_poll
                0x08016554      0x204 build/a7677s.o
 .text.a7677s_poll
                0x08016758      0x1d8 build/a7677s.o
 .text.cb_mqtt_sub_send
                0x08016930       0x84 build/a7677s.o
 .text.cb_mqtt_pub_send
                0x080169b4       0x80 build/a7677s.o
 .text.cb_mqtt_connect
                0x08016a34       0x84 build/a7677s.o
 .text.a7677s_mqtt_subscribe
                0x08016ab8      0x100 build/a7677s.o
 .text.a7677s_mqtt_publish
                0x08016bb8      0x148 build/a7677s.o
 .text.a7677s_mqtt_connect
                0x08016d00      0x31c build/a7677s.o
 .text.a7677s_comm_reset
                0x0801701c       0x16 build/a7677s.o
 *fill*         0x08017032        0x2 
 .text.a7677s_init
                0x08017034      0x11c build/a7677s.o
                0x08017034                a7677s_init
 .text.a7677s_set_full_apn
                0x08017150       0x94 build/a7677s.o
                0x08017150                a7677s_set_full_apn
 .text.a7677s_mqtt_register_callbacks
                0x080171e4       0x12 build/a7677s.o
                0x080171e4                a7677s_mqtt_register_callbacks
 .text.a7677s_mqtt_set_callbacks
                0x080171f6        0x8 build/a7677s.o
 *fill*         0x080171fe        0x2 
 .text.sx_usb_tiny_init
                0x08017200       0x6c build/sx_usb_tiny_cdc.o
                0x08017200                sx_usb_tiny_init
 .text.sx_usb_tiny_msc_init
                0x0801726c       0x24 build/sx_usb_tiny_msc.o
                0x0801726c                sx_usb_tiny_msc_init
 .text.sx_usb_tiny_msc_enter
                0x08017290       0x4c build/sx_usb_tiny_msc.o
                0x08017290                sx_usb_tiny_msc_enter
 .text.sx_usb_tiny_msc_is_active
                0x080172dc       0x10 build/sx_usb_tiny_msc.o
                0x080172dc                sx_usb_tiny_msc_is_active
 .text.sx_usb_tiny_msc_load
                0x080172ec       0x34 build/sx_usb_tiny_msc.o
                0x080172ec                sx_usb_tiny_msc_load
 .text.tud_msc_inquiry2_cb
                0x08017320       0x40 build/sx_usb_tiny_msc.o
                0x08017320                tud_msc_inquiry2_cb
 .text.tud_msc_test_unit_ready_cb
                0x08017360       0x60 build/sx_usb_tiny_msc.o
                0x08017360                tud_msc_test_unit_ready_cb
 .text.tud_msc_capacity_cb
                0x080173c0       0x1c build/sx_usb_tiny_msc.o
                0x080173c0                tud_msc_capacity_cb
 .text.tud_msc_is_writable_cb
                0x080173dc        0x4 build/sx_usb_tiny_msc.o
                0x080173dc                tud_msc_is_writable_cb
 .text.tud_msc_start_stop_cb
                0x080173e0       0x38 build/sx_usb_tiny_msc.o
                0x080173e0                tud_msc_start_stop_cb
 .text.tud_msc_read10_cb
                0x08017418       0x5c build/sx_usb_tiny_msc.o
                0x08017418                tud_msc_read10_cb
 .text.tud_msc_write10_cb
                0x08017474       0x8c build/sx_usb_tiny_msc.o
                0x08017474                tud_msc_write10_cb
 .text.tud_msc_scsi_cb
                0x08017500       0x12 build/sx_usb_tiny_msc.o
                0x08017500                tud_msc_scsi_cb
 .text.sx_spi_write
                0x08017512       0x1a build/sx_W25Q128.o
 .text.sx_spi_write_read
                0x0801752c       0x1a build/sx_W25Q128.o
 *fill*         0x08017546        0x2 
 .text.w25q_write_enable
                0x08017548       0x28 build/sx_W25Q128.o
 .text.sx_W25Q128_is_busy
                0x08017570       0x3c build/sx_W25Q128.o
                0x08017570                sx_W25Q128_is_busy
 .text.w25q_wait_busy
                0x080175ac       0xc0 build/sx_W25Q128.o
 .text.sx_W25Q128_erase_sector
                0x0801766c       0x8c build/sx_W25Q128.o
                0x0801766c                sx_W25Q128_erase_sector
 .text.sx_W25Q128_read
                0x080176f8       0xc8 build/sx_W25Q128.o
                0x080176f8                sx_W25Q128_read
 .text.sx_W25Q128_write
                0x080177c0      0x14c build/sx_W25Q128.o
                0x080177c0                sx_W25Q128_write
 .text.sx_W25Q128_init
                0x0801790c       0x94 build/sx_W25Q128.o
                0x0801790c                sx_W25Q128_init
 .text.HAL_RTCEx_WakeUpTimerEventCallback
                0x080179a0       0x44 build/sx_sleep.o
                0x080179a0                HAL_RTCEx_WakeUpTimerEventCallback
 .text.sx_i2c_mem_write
                0x080179e4       0x26 build/bno055.o
 .text.sx_i2c_mem_read
                0x08017a0a       0x26 build/bno055.o
 .text.sx_gpio_write
                0x08017a30       0x22 build/bno055.o
 .text._reg_write
                0x08017a52       0x20 build/bno055.o
 .text._reg_read
                0x08017a72       0x18 build/bno055.o
 .text.bno055_set_opr_mode
                0x08017a8a       0x26 build/bno055.o
                0x08017a8a                bno055_set_opr_mode
 .text.bno055_init
                0x08017ab0      0x108 build/bno055.o
                0x08017ab0                bno055_init
 .text.sx_i2c_mem_write
                0x08017bb8       0x26 build/sx_ex_rtc.o
 .text.sx_i2c_mem_read
                0x08017bde       0x26 build/sx_ex_rtc.o
 .text._reg_write
                0x08017c04       0x20 build/sx_ex_rtc.o
 .text._reg_read
                0x08017c24       0x18 build/sx_ex_rtc.o
 .text._software_reset
                0x08017c3c       0x9e build/sx_ex_rtc.o
 .text.rx8130ce_init
                0x08017cda      0x11c build/sx_ex_rtc.o
                0x08017cda                rx8130ce_init
 .text.sx_i2c_write
                0x08017df6       0x1a build/sht3x.o
 .text.sht3x_send_cmd
                0x08017e10       0x24 build/sht3x.o
 .text.sht3x_soft_reset
                0x08017e34        0xc build/sht3x.o
                0x08017e34                sht3x_soft_reset
 .text.sht3x_init
                0x08017e40       0x2c build/sht3x.o
                0x08017e40                sht3x_init
 .text.sensirion_uart_hal_init
                0x08017e6c        0xc build/sensirion_uart_hal.o
                0x08017e6c                sensirion_uart_hal_init
 .text.sx_gpio_write
                0x08017e78       0x22 build/ze12a.o
 *fill*         0x08017e9a        0x2 
 .text.ze12a_select_mux_channel
                0x08017e9c       0x24 build/ze12a.o
 .text.gas_sensor_init
                0x08017ec0       0xd8 build/ze12a.o
                0x08017ec0                gas_sensor_init
 .text.gas_sensor_get_uart
                0x08017f98       0x18 build/ze12a.o
                0x08017f98                gas_sensor_get_uart
 .text.sx_i2c_is_device_ready
                0x08017fb0       0x1a build/ads1115.o
 *fill*         0x08017fca        0x2 
 .text.ads1115_volt_coef_for_pga
                0x08017fcc       0x54 build/ads1115.o
 .text.ADS1115_Init
                0x08018020       0x36 build/ads1115.o
                0x08018020                ADS1115_Init
 *fill*         0x08018056        0x2 
 .text.Reset_Handler
                0x08018058       0x50 build/startup_stm32h563xx.o
                0x08018058                Reset_Handler
 .text.Default_Handler
                0x080180a8        0x2 build/startup_stm32h563xx.o
                0x080180a8                EXTI2_IRQHandler
                0x080180a8                TIM8_TRG_COM_IRQHandler
                0x080180a8                TIM8_CC_IRQHandler
                0x080180a8                EXTI5_IRQHandler
                0x080180a8                I3C1_ER_IRQHandler
                0x080180a8                UART8_IRQHandler
                0x080180a8                SPI4_IRQHandler
                0x080180a8                GPDMA2_Channel1_IRQHandler
                0x080180a8                FLASH_S_IRQHandler
                0x080180a8                EXTI13_IRQHandler
                0x080180a8                GPDMA2_Channel3_IRQHandler
                0x080180a8                TAMP_IRQHandler
                0x080180a8                TIM6_IRQHandler
                0x080180a8                EXTI12_IRQHandler
                0x080180a8                CORDIC_IRQHandler
                0x080180a8                EXTI3_IRQHandler
                0x080180a8                LPTIM4_IRQHandler
                0x080180a8                GPDMA1_Channel5_IRQHandler
                0x080180a8                EXTI8_IRQHandler
                0x080180a8                GPDMA2_Channel5_IRQHandler
                0x080180a8                LPTIM2_IRQHandler
                0x080180a8                I2C3_ER_IRQHandler
                0x080180a8                GPDMA2_Channel2_IRQHandler
                0x080180a8                USART10_IRQHandler
                0x080180a8                LPTIM3_IRQHandler
                0x080180a8                EXTI0_IRQHandler
                0x080180a8                I2C2_EV_IRQHandler
                0x080180a8                FPU_IRQHandler
                0x080180a8                GPDMA1_Channel3_IRQHandler
                0x080180a8                GPDMA1_Channel7_IRQHandler
                0x080180a8                FDCAN1_IT1_IRQHandler
                0x080180a8                RAMCFG_IRQHandler
                0x080180a8                DCACHE1_IRQHandler
                0x080180a8                SPI1_IRQHandler
                0x080180a8                OCTOSPI1_IRQHandler
                0x080180a8                GPDMA1_Channel2_IRQHandler
                0x080180a8                TIM8_UP_IRQHandler
                0x080180a8                RCC_S_IRQHandler
                0x080180a8                SAI2_IRQHandler
                0x080180a8                ADC1_IRQHandler
                0x080180a8                USART6_IRQHandler
                0x080180a8                EXTI15_IRQHandler
                0x080180a8                TIM17_IRQHandler
                0x080180a8                EXTI9_IRQHandler
                0x080180a8                LPTIM5_IRQHandler
                0x080180a8                TIM4_IRQHandler
                0x080180a8                GPDMA1_Channel1_IRQHandler
                0x080180a8                TIM16_IRQHandler
                0x080180a8                SecureFault_Handler
                0x080180a8                TIM3_IRQHandler
                0x080180a8                RCC_IRQHandler
                0x080180a8                UART9_IRQHandler
                0x080180a8                Default_Handler
                0x080180a8                FMAC_IRQHandler
                0x080180a8                CEC_IRQHandler
                0x080180a8                USART11_IRQHandler
                0x080180a8                TIM14_IRQHandler
                0x080180a8                TIM13_IRQHandler
                0x080180a8                GPDMA2_Channel4_IRQHandler
                0x080180a8                SPI5_IRQHandler
                0x080180a8                TIM12_IRQHandler
                0x080180a8                TIM7_IRQHandler
                0x080180a8                SDMMC1_IRQHandler
                0x080180a8                TIM5_IRQHandler
                0x080180a8                UCPD1_IRQHandler
                0x080180a8                GPDMA1_Channel0_IRQHandler
                0x080180a8                I3C1_EV_IRQHandler
                0x080180a8                TIM15_IRQHandler
                0x080180a8                PVD_AVD_IRQHandler
                0x080180a8                I2C3_EV_IRQHandler
                0x080180a8                ETH_WKUP_IRQHandler
                0x080180a8                ADC2_IRQHandler
                0x080180a8                SPI2_IRQHandler
                0x080180a8                EXTI14_IRQHandler
                0x080180a8                EXTI11_IRQHandler
                0x080180a8                CRS_IRQHandler
                0x080180a8                EXTI4_IRQHandler
                0x080180a8                GPDMA2_Channel0_IRQHandler
                0x080180a8                RTC_S_IRQHandler
                0x080180a8                RNG_IRQHandler
                0x080180a8                FDCAN2_IT1_IRQHandler
                0x080180a8                ETH_IRQHandler
                0x080180a8                GPDMA2_Channel6_IRQHandler
                0x080180a8                UART12_IRQHandler
                0x080180a8                WWDG_IRQHandler
                0x080180a8                SPI6_IRQHandler
                0x080180a8                I2C4_EV_IRQHandler
                0x080180a8                FDCAN2_IT0_IRQHandler
                0x080180a8                IWDG_IRQHandler
                0x080180a8                LPUART1_IRQHandler
                0x080180a8                FDCAN1_IT0_IRQHandler
                0x080180a8                TIM2_IRQHandler
                0x080180a8                GPDMA1_Channel4_IRQHandler
                0x080180a8                EXTI7_IRQHandler
                0x080180a8                EXTI1_IRQHandler
                0x080180a8                SDMMC2_IRQHandler
                0x080180a8                LPTIM6_IRQHandler
                0x080180a8                DAC1_IRQHandler
                0x080180a8                DTS_IRQHandler
                0x080180a8                UART7_IRQHandler
                0x080180a8                GTZC_IRQHandler
                0x080180a8                GPDMA1_Channel6_IRQHandler
                0x080180a8                GPDMA2_Channel7_IRQHandler
                0x080180a8                I2C2_ER_IRQHandler
                0x080180a8                TIM8_BRK_IRQHandler
                0x080180a8                FLASH_IRQHandler
                0x080180a8                EXTI10_IRQHandler
                0x080180a8                SPI3_IRQHandler
                0x080180a8                FMC_IRQHandler
                0x080180a8                EXTI6_IRQHandler
                0x080180a8                DCMI_PSSI_IRQHandler
                0x080180a8                I2C4_ER_IRQHandler
                0x080180a8                ICACHE_IRQHandler
                0x080180a8                SAI1_IRQHandler
                0x080180a8                HASH_IRQHandler
 *fill*         0x080180aa        0x2 
 .text.__assert_func
                0x080180ac       0x3c D:/stm32cubeclt/STM32CubeCLT_1.21.0/GNU-tools-for-STM32/bin/../lib/gcc/arm-none-eabi/14.3.1/../../../../arm-none-eabi/lib/thumb/v8-m.main+fp/hard\libc_nano.a(libc_a-assert.o)
                0x080180ac                __assert_func
 .text.calloc   0x080180e8       0x10 D:/stm32cubeclt/STM32CubeCLT_1.21.0/GNU-tools-for-STM32/bin/../lib/gcc/arm-none-eabi/14.3.1/../../../../arm-none-eabi/lib/thumb/v8-m.main+fp/hard\libc_nano.a(libc_a-calloc.o)
                0x080180e8                calloc
 .text._calloc_r
                0x080180f8       0x28 D:/stm32cubeclt/STM32CubeCLT_1.21.0/GNU-tools-for-STM32/bin/../lib/gcc/arm-none-eabi/14.3.1/../../../../arm-none-eabi/lib/thumb/v8-m.main+fp/hard\libc_nano.a(libc_a-callocr.o)
                0x080180f8                _calloc_r
 .text.malloc   0x08018120       0x10 D:/stm32cubeclt/STM32CubeCLT_1.21.0/GNU-tools-for-STM32/bin/../lib/gcc/arm-none-eabi/14.3.1/../../../../arm-none-eabi/lib/thumb/v8-m.main+fp/hard\libc_nano.a(libc_a-malloc.o)
                0x08018120                malloc
 .text.free     0x08018130       0x10 D:/stm32cubeclt/STM32CubeCLT_1.21.0/GNU-tools-for-STM32/bin/../lib/gcc/arm-none-eabi/14.3.1/../../../../arm-none-eabi/lib/thumb/v8-m.main+fp/hard\libc_nano.a(libc_a-malloc.o)
                0x08018130                free
 .text.sbrk_aligned
                0x08018140       0x44 D:/stm32cubeclt/STM32CubeCLT_1.21.0/GNU-tools-for-STM32/bin/../lib/gcc/arm-none-eabi/14.3.1/../../../../arm-none-eabi/lib/thumb/v8-m.main+fp/hard\libc_nano.a(libc_a-mallocr.o)
 .text._malloc_r
                0x08018184      0x100 D:/stm32cubeclt/STM32CubeCLT_1.21.0/GNU-tools-for-STM32/bin/../lib/gcc/arm-none-eabi/14.3.1/../../../../arm-none-eabi/lib/thumb/v8-m.main+fp/hard\libc_nano.a(libc_a-mallocr.o)
                0x08018184                _malloc_r
 .text.__malloc_lock
                0x08018284        0xc D:/stm32cubeclt/STM32CubeCLT_1.21.0/GNU-tools-for-STM32/bin/../lib/gcc/arm-none-eabi/14.3.1/../../../../arm-none-eabi/lib/thumb/v8-m.main+fp/hard\libc_nano.a(libc_a-mlock.o)
                0x08018284                __malloc_lock
 .text.__malloc_unlock
                0x08018290        0xc D:/stm32cubeclt/STM32CubeCLT_1.21.0/GNU-tools-for-STM32/bin/../lib/gcc/arm-none-eabi/14.3.1/../../../../arm-none-eabi/lib/thumb/v8-m.main+fp/hard\libc_nano.a(libc_a-mlock.o)
                0x08018290                __malloc_unlock
 .text._realloc_r
                0x0801829c       0x5c D:/stm32cubeclt/STM32CubeCLT_1.21.0/GNU-tools-for-STM32/bin/../lib/gcc/arm-none-eabi/14.3.1/../../../../arm-none-eabi/lib/thumb/v8-m.main+fp/hard\libc_nano.a(libc_a-reallocr.o)
                0x0801829c                _realloc_r
 .text._strtol_l.isra.0
                0x080182f8       0xf4 D:/stm32cubeclt/STM32CubeCLT_1.21.0/GNU-tools-for-STM32/bin/../lib/gcc/arm-none-eabi/14.3.1/../../../../arm-none-eabi/lib/thumb/v8-m.main+fp/hard\libc_nano.a(libc_a-strtol.o)
 .text._strtol_r
                0x080183ec        0x4 D:/stm32cubeclt/STM32CubeCLT_1.21.0/GNU-tools-for-STM32/bin/../lib/gcc/arm-none-eabi/14.3.1/../../../../arm-none-eabi/lib/thumb/v8-m.main+fp/hard\libc_nano.a(libc_a-strtol.o)
                0x080183ec                _strtol_r
 .text.strtol   0x080183f0       0x14 D:/stm32cubeclt/STM32CubeCLT_1.21.0/GNU-tools-for-STM32/bin/../lib/gcc/arm-none-eabi/14.3.1/../../../../arm-none-eabi/lib/thumb/v8-m.main+fp/hard\libc_nano.a(libc_a-strtol.o)
                0x080183f0                strtol